trace32/../lib/byte_fifo.h:36:12:byte_fifo_put_possible	16	static
trace32/../lib/byte_fifo.h:44:30:byte_fifo_remain	16	static
trace32/../lib/byte_fifo.h:49:30:byte_fifo_used	16	static
trace32/../lib/byte_fifo.h:54:12:byte_fifo_put	16	static
trace32/../lib/byte_fifo.h:64:12:byte_fifo_get_possible	16	static
trace32/../lib/byte_fifo.h:72:12:byte_fifo_get	16	static
trace32/../lib/byte_fifo_cb.h:28:12:byte_fifo_cb_put_possible	16	static
trace32/../lib/byte_fifo_cb.h:33:12:byte_fifo_cb_put	24	static
trace32/../lib/byte_fifo_cb.h:41:12:byte_fifo_cb_get_possible	16	static
trace32/../lib/byte_fifo_cb.h:46:12:byte_fifo_cb_get	16	static
/usr/lib/gcc/arm-gnu-toolchain-14.3.rel1-x86_64-arm-none-eabi/arm-none-eabi/include/sys/unistd.h:18:6:_exit	16	static
main.c:75:6:trace_scope	16	static
main.c:232:5:herzschlag_process	32	static
main.c:313:6:task_8ms	8	static
main.c:324:6:task_16ms	4	static
main.c:328:6:task_32ms	4	static
main.c:332:6:task_64ms	4	static
main.c:337:6:task_128ms	4	static
main.c:341:6:task_256ms	8	static
main.c:377:6:task_512ms	4	static
main.c:381:6:task_1024ms	4	static
main.c:385:6:task_idle	16	static
main.c:423:35:premain_init	16	static
main.c:448:5:main	32	static
