Archive member included to satisfy reference by file (symbol)

/usr/lib/gcc/arm-gnu-toolchain-14.3.rel1-x86_64-arm-none-eabi/bin/../lib/gcc/arm-none-eabi/14.3.1/../../../../arm-none-eabi/lib/libg_nano.a(libc_a-abort.o)
                              bin/newlib_syscalls.o (abort)
/usr/lib/gcc/arm-gnu-toolchain-14.3.rel1-x86_64-arm-none-eabi/bin/../lib/gcc/arm-none-eabi/14.3.1/../../../../arm-none-eabi/lib/libg_nano.a(libc_a-exit.o)
                              /usr/lib/gcc/arm-gnu-toolchain-14.3.rel1-x86_64-arm-none-eabi/bin/../lib/gcc/arm-none-eabi/14.3.1/../../../../arm-none-eabi/lib/crt0.o (exit)
/usr/lib/gcc/arm-gnu-toolchain-14.3.rel1-x86_64-arm-none-eabi/bin/../lib/gcc/arm-none-eabi/14.3.1/../../../../arm-none-eabi/lib/libg_nano.a(libc_a-findfp.o)
                              /usr/lib/gcc/arm-gnu-toolchain-14.3.rel1-x86_64-arm-none-eabi/bin/../lib/gcc/arm-none-eabi/14.3.1/../../../../arm-none-eabi/lib/libg_nano.a(libc_a-exit.o) (__stdio_exit_handler)
/usr/lib/gcc/arm-gnu-toolchain-14.3.rel1-x86_64-arm-none-eabi/bin/../lib/gcc/arm-none-eabi/14.3.1/../../../../arm-none-eabi/lib/libg_nano.a(libc_a-fwalk.o)
                              /usr/lib/gcc/arm-gnu-toolchain-14.3.rel1-x86_64-arm-none-eabi/bin/../lib/gcc/arm-none-eabi/14.3.1/../../../../arm-none-eabi/lib/libg_nano.a(libc_a-findfp.o) (_fwalk_sglue)
/usr/lib/gcc/arm-gnu-toolchain-14.3.rel1-x86_64-arm-none-eabi/bin/../lib/gcc/arm-none-eabi/14.3.1/../../../../arm-none-eabi/lib/libg_nano.a(libc_a-setvbuf.o)
                              bin/main.o (setvbuf)
/usr/lib/gcc/arm-gnu-toolchain-14.3.rel1-x86_64-arm-none-eabi/bin/../lib/gcc/arm-none-eabi/14.3.1/../../../../arm-none-eabi/lib/libg_nano.a(libc_a-stdio.o)
                              /usr/lib/gcc/arm-gnu-toolchain-14.3.rel1-x86_64-arm-none-eabi/bin/../lib/gcc/arm-none-eabi/14.3.1/../../../../arm-none-eabi/lib/libg_nano.a(libc_a-findfp.o) (__sread)
/usr/lib/gcc/arm-gnu-toolchain-14.3.rel1-x86_64-arm-none-eabi/bin/../lib/gcc/arm-none-eabi/14.3.1/../../../../arm-none-eabi/lib/libg_nano.a(libc_a-memset.o)
                              /usr/lib/gcc/arm-gnu-toolchain-14.3.rel1-x86_64-arm-none-eabi/bin/../lib/gcc/arm-none-eabi/14.3.1/../../../../arm-none-eabi/lib/crt0.o (memset)
/usr/lib/gcc/arm-gnu-toolchain-14.3.rel1-x86_64-arm-none-eabi/bin/../lib/gcc/arm-none-eabi/14.3.1/../../../../arm-none-eabi/lib/libg_nano.a(libc_a-signal.o)
                              /usr/lib/gcc/arm-gnu-toolchain-14.3.rel1-x86_64-arm-none-eabi/bin/../lib/gcc/arm-none-eabi/14.3.1/../../../../arm-none-eabi/lib/libg_nano.a(libc_a-abort.o) (raise)
/usr/lib/gcc/arm-gnu-toolchain-14.3.rel1-x86_64-arm-none-eabi/bin/../lib/gcc/arm-none-eabi/14.3.1/../../../../arm-none-eabi/lib/libg_nano.a(libc_a-impure.o)
                              bin/main.o (_impure_ptr)
/usr/lib/gcc/arm-gnu-toolchain-14.3.rel1-x86_64-arm-none-eabi/bin/../lib/gcc/arm-none-eabi/14.3.1/../../../../arm-none-eabi/lib/libg_nano.a(libc_a-init.o)
                              /usr/lib/gcc/arm-gnu-toolchain-14.3.rel1-x86_64-arm-none-eabi/bin/../lib/gcc/arm-none-eabi/14.3.1/../../../../arm-none-eabi/lib/crt0.o (__libc_init_array)
/usr/lib/gcc/arm-gnu-toolchain-14.3.rel1-x86_64-arm-none-eabi/bin/../lib/gcc/arm-none-eabi/14.3.1/../../../../arm-none-eabi/lib/libg_nano.a(libc_a-lock.o)
                              /usr/lib/gcc/arm-gnu-toolchain-14.3.rel1-x86_64-arm-none-eabi/bin/../lib/gcc/arm-none-eabi/14.3.1/../../../../arm-none-eabi/lib/libg_nano.a(libc_a-findfp.o) (__retarget_lock_init_recursive)
/usr/lib/gcc/arm-gnu-toolchain-14.3.rel1-x86_64-arm-none-eabi/bin/../lib/gcc/arm-none-eabi/14.3.1/../../../../arm-none-eabi/lib/libg_nano.a(libc_a-syswrite.o)
                              bin/newlib_syscalls.o (write)
/usr/lib/gcc/arm-gnu-toolchain-14.3.rel1-x86_64-arm-none-eabi/bin/../lib/gcc/arm-none-eabi/14.3.1/../../../../arm-none-eabi/lib/libg_nano.a(libc_a-strlen.o)
                              bin/term.o (strlen)
/usr/lib/gcc/arm-gnu-toolchain-14.3.rel1-x86_64-arm-none-eabi/bin/../lib/gcc/arm-none-eabi/14.3.1/../../../../arm-none-eabi/lib/libg_nano.a(libc_a-freer.o)
                              /usr/lib/gcc/arm-gnu-toolchain-14.3.rel1-x86_64-arm-none-eabi/bin/../lib/gcc/arm-none-eabi/14.3.1/../../../../arm-none-eabi/lib/libg_nano.a(libc_a-setvbuf.o) (_free_r)
/usr/lib/gcc/arm-gnu-toolchain-14.3.rel1-x86_64-arm-none-eabi/bin/../lib/gcc/arm-none-eabi/14.3.1/../../../../arm-none-eabi/lib/libg_nano.a(libc_a-malloc.o)
                              /usr/lib/gcc/arm-gnu-toolchain-14.3.rel1-x86_64-arm-none-eabi/bin/../lib/gcc/arm-none-eabi/14.3.1/../../../../arm-none-eabi/lib/libg_nano.a(libc_a-setvbuf.o) (malloc)
/usr/lib/gcc/arm-gnu-toolchain-14.3.rel1-x86_64-arm-none-eabi/bin/../lib/gcc/arm-none-eabi/14.3.1/../../../../arm-none-eabi/lib/libg_nano.a(libc_a-mallocr.o)
                              /usr/lib/gcc/arm-gnu-toolchain-14.3.rel1-x86_64-arm-none-eabi/bin/../lib/gcc/arm-none-eabi/14.3.1/../../../../arm-none-eabi/lib/libg_nano.a(libc_a-findfp.o) (_malloc_r)
[...]
Memory Configuration

Name             Origin             Length             Attributes
RAM              0x00200000         0x0000ff00         xrw
WA               0x0020ff00         0x00000100         r
LCD              0x10000000         0x0000927c         rw
*default*        0x00000000         0xffffffff

Linker script and memory map

LOAD /usr/lib/gcc/arm-gnu-toolchain-14.3.rel1-x86_64-arm-none-eabi/bin/../lib/gcc/arm-none-eabi/14.3.1/crti.o
LOAD /usr/lib/gcc/arm-gnu-toolchain-14.3.rel1-x86_64-arm-none-eabi/bin/../lib/gcc/arm-none-eabi/14.3.1/crtbegin.o
LOAD /usr/lib/gcc/arm-gnu-toolchain-14.3.rel1-x86_64-arm-none-eabi/bin/../lib/gcc/arm-none-eabi/14.3.1/../../../../arm-none-eabi/lib/crt0.o
LOAD bin/startup.o
LOAD bin/isr.o
LOAD bin/main.o
LOAD bin/low_level_init.o
LOAD bin/newlib_syscalls.o
LOAD bin/byte_fifo_cb.o
LOAD bin/helper.o
LOAD bin/aic.o
LOAD bin/systick.o
LOAD bin/term.o
LOAD bin/display.o
LOAD bin/nxt_lcd.o
LOAD bin/nxt_spi.o
LOAD bin/nxt_avr.o
LOAD bin/twi.o
LOAD bin/udmon3.o
LOAD /usr/lib/gcc/arm-gnu-toolchain-14.3.rel1-x86_64-arm-none-eabi/bin/../lib/gcc/arm-none-eabi/14.3.1/../../../../arm-none-eabi/lib/libg_nano.a
LOAD /usr/lib/gcc/arm-gnu-toolchain-14.3.rel1-x86_64-arm-none-eabi/bin/../lib/gcc/arm-none-eabi/14.3.1/../../../../arm-none-eabi/lib/libm.a
START GROUP
LOAD /usr/lib/gcc/arm-gnu-toolchain-14.3.rel1-x86_64-arm-none-eabi/bin/../lib/gcc/arm-none-eabi/14.3.1/libgcc.a
LOAD /usr/lib/gcc/arm-gnu-toolchain-14.3.rel1-x86_64-arm-none-eabi/bin/../lib/gcc/arm-none-eabi/14.3.1/../../../../arm-none-eabi/lib/libc_nano.a
END GROUP
START GROUP
LOAD /usr/lib/gcc/arm-gnu-toolchain-14.3.rel1-x86_64-arm-none-eabi/bin/../lib/gcc/arm-none-eabi/14.3.1/libgcc.a
LOAD /usr/lib/gcc/arm-gnu-toolchain-14.3.rel1-x86_64-arm-none-eabi/bin/../lib/gcc/arm-none-eabi/14.3.1/../../../../arm-none-eabi/lib/libc_nano.a
END GROUP
LOAD /usr/lib/gcc/arm-gnu-toolchain-14.3.rel1-x86_64-arm-none-eabi/bin/../lib/gcc/arm-none-eabi/14.3.1/crtend.o
LOAD /usr/lib/gcc/arm-gnu-toolchain-14.3.rel1-x86_64-arm-none-eabi/bin/../lib/gcc/arm-none-eabi/14.3.1/crtn.o
                0x00000096                        NXT_WIDTH = 0x96
                0x000000fa                        NXT_HIGH = 0xfa
                0x00000bb8                        STACK_SIZE = 0xbb8
                0x00000400                        //HEAP_SIZE = 0x400
                0x00001000                        HEAP_SIZE = 0x1000

ivt_boot_seg    0x00200000       0x40
 *startup.o(.text.ivt_boot)
 .text.ivt_boot
                0x00200000       0x40 bin/startup.o
                0x00200000                ivt_app
                0x00200000                ivt_boot
                0x00200040                        . = ALIGN (0x4)

fastcode_seg    0x00200040      0x440
                0x00200040                        __fastcode_load = LOADADDR (fastcode_seg)
                0x00200040                        __fastcode_start = .
 *(.text.fastcode)
 .text.fastcode
                0x00200040      0x15c bin/isr.o
                0x00200040                isr_irq
                0x002000f8                isr_fiq
 .text.fastcode
                0x0020019c       0xb4 bin/aic.o
                0x0020019c                aic_sys_isr_entry
 .text.fastcode
                0x00200250      0x1d8 bin/twi.o
                0x00200250                twi_isr_C
 .text.fastcode
                0x00200428       0x58 bin/udmon3.o
                0x00200428                udmon3_handler
                0x00200480                        . = ALIGN (0x4)
                0x00200480                        __fastcode_end = .

text_seg        0x00200480     0x5d10
                0x00200480                        . = ALIGN (0x4)
 *(.text)
 .text          0x00200480       0xd8 bin/startup.o
                0x002004a0                _reset
                0x00200524                PARGV
 .text          0x00200558      0x13c bin/isr.o
                0x00200558                interrupts_get_and_disable
                0x0020057c                interrupts_enable
                0x0020058c                fiq_get_and_disable
                0x002005b0                fiq_enable
                0x002005c0                isr_undef
                0x002005f0                isr_swi
                0x00200620                isr_pAbort
                0x00200650                isr_dAbort
 .text          0x00200694        0xe /usr/lib/gcc/arm-gnu-toolchain-14.3.rel1-x86_64-arm-none-eabi/bin/../lib/gcc/arm-none-eabi/14.3.1/../../../../arm-none-eabi/lib/libg_nano.a(libc_a-strlen.o)
                0x00200694                strlen
 *(.text*)
 *fill*         0x002006a2        0x2 
 .text.deregister_tm_clones
                0x002006a4       0x2c /usr/lib/gcc/arm-gnu-toolchain-14.3.rel1-x86_64-arm-none-eabi/bin/../lib/gcc/arm-none-eabi/14.3.1/crtbegin.o
 .text.register_tm_clones
                0x002006d0       0x38 /usr/lib/gcc/arm-gnu-toolchain-14.3.rel1-x86_64-arm-none-eabi/bin/../lib/gcc/arm-none-eabi/14.3.1/crtbegin.o
 .text.__do_global_dtors_aux
                0x00200708       0x44 /usr/lib/gcc/arm-gnu-toolchain-14.3.rel1-x86_64-arm-none-eabi/bin/../lib/gcc/arm-none-eabi/14.3.1/crtbegin.o
 .text.frame_dummy
                0x0020074c       0x34 /usr/lib/gcc/arm-gnu-toolchain-14.3.rel1-x86_64-arm-none-eabi/bin/../lib/gcc/arm-none-eabi/14.3.1/crtbegin.o
 .text._exit    0x00200780       0x18 bin/main.o
                0x00200780                _exit
 .text.trace_scope
                0x00200798      0x180 bin/main.o
                0x00200798                trace_scope
 .text.gpio_isr_entry
                0x00200918       0x3c bin/main.o
                0x00200918                gpio_isr_entry
 .text.motor_init
                0x00200954       0x88 bin/main.o
                0x00200954                motor_init
 .text.motor_get
                0x002009dc       0xd4 bin/main.o
                0x002009dc                motor_get
 .text.motor_process
                0x00200ab0       0xa8 bin/main.o
                0x00200ab0                motor_process
 .text.ui_process
                0x00200b58      0x19c bin/main.o
                0x00200b58                ui_process
 .text.task_4ms
                0x00200cf4       0x18 bin/main.o
                0x00200cf4                task_4ms
 .text.task_8ms
                0x00200d0c       0x18 bin/main.o
                0x00200d0c                task_8ms
 .text.task_16ms
                0x00200d24       0x28 bin/main.o
                0x00200d24                task_16ms
 .text.task_32ms
                0x00200d4c       0x18 bin/main.o
                0x00200d4c                task_32ms
 .text.task_64ms
                0x00200d64       0x28 bin/main.o
                0x00200d64                task_64ms
 .text.task_128ms
                0x00200d8c       0x18 bin/main.o
                0x00200d8c                task_128ms
 .text.task_256ms
                0x00200da4       0x18 bin/main.o
                0x00200da4                task_256ms
 .text.task_512ms
                0x00200dbc       0x18 bin/main.o
                0x00200dbc                task_512ms
 .text.task_idle
                0x00200dd4       0x18 bin/main.o
                0x00200dd4                task_idle
 .text.premain_init
                0x00200dec       0x48 bin/main.o
                0x00200dec                premain_init
 .text.main     0x00200e34      0x6a4 bin/main.o
                0x00200e34                main
 .text.low_level_init
                0x002014d8      0x1f4 bin/low_level_init.o
                0x002014d8                low_level_init
 .text._kill_r  0x002016cc       0x38 bin/newlib_syscalls.o
                0x002016cc                _kill_r
 .text._getpid_r
                0x00201704       0x24 bin/newlib_syscalls.o
                0x00201704                _getpid_r
 .text._sbrk_r  0x00201728      0x118 bin/newlib_syscalls.o
                0x00201728                _sbrk_r
 .text.__malloc_lock
                0x00201840       0x20 bin/newlib_syscalls.o
                0x00201840                __malloc_lock
 .text.__malloc_unlock
                0x00201860       0x20 bin/newlib_syscalls.o
                0x00201860                __malloc_unlock
 .text._close_r
                0x00201880       0x28 bin/newlib_syscalls.o
                0x00201880                _close_r
 .text._read_r  0x002018a8       0xc8 bin/newlib_syscalls.o
                0x002018a8                _read_r
 .text._write_r
                0x00201970       0x88 bin/newlib_syscalls.o
                0x00201970                _write_r
 .text._fstat_r
                0x002019f8       0x44 bin/newlib_syscalls.o
                0x002019f8                _fstat_r
 .text._lseek_r
                0x00201a3c       0x30 bin/newlib_syscalls.o
                0x00201a3c                _lseek_r
 .text.memcpy   0x00201a6c      0x798 bin/newlib_syscalls.o
                0x00201a6c                memcpy
 .text.byte_fifo_remain
                0x00202204       0x74 bin/byte_fifo_cb.o
 .text.byte_fifo_cb_putsize
                0x00202278      0x1f0 bin/byte_fifo_cb.o
                0x00202278                byte_fifo_cb_putsize
 .text.hex2string
                0x00202468       0x7c bin/helper.o
                0x00202468                hex2string
 .text.Q_onAssert
                0x002024e4       0xd8 bin/aic.o
                0x002024e4                Q_onAssert
 .text.default_isr
                0x002025bc       0x3c bin/aic.o
                0x002025bc                default_isr
 .text.default_fiq
                0x002025f8       0x3c bin/aic.o
                0x002025f8                default_fiq
 .text.spurious_isr
                0x00202634       0x38 bin/aic.o
                0x00202634                spurious_isr
 .text.aic_init
                0x0020266c      0x188 bin/aic.o
                0x0020266c                aic_init
 .text.aic_set_vector
                0x002027f4       0x8c bin/aic.o
                0x002027f4                aic_set_vector
 .text.aic_mask_on
                0x00202880       0x74 bin/aic.o
                0x00202880                aic_mask_on
 .text.aic_mask_off
                0x002028f4       0x74 bin/aic.o
                0x002028f4                aic_mask_off
 .text.aic_clear
                0x00202968       0x74 bin/aic.o
                0x00202968                aic_clear
 .text.aic_sys_register_pit
                0x002029dc       0x74 bin/aic.o
                0x002029dc                aic_sys_register_pit
 .text.aic_sys_init
                0x00202a50       0xbc bin/aic.o
                0x00202a50                aic_sys_init
 .text.systick_get_ms
                0x00202b0c       0x24 bin/systick.o
                0x00202b0c                systick_get_ms
 .text.systick_wait_ms
                0x00202b30       0x58 bin/systick.o
                0x00202b30                systick_wait_ms
 .text.systick_wait_ns
                0x00202b88       0x50 bin/systick.o
                0x00202b88                systick_wait_ns
 .text.systick_isr
                0x00202bd8       0x4c bin/systick.o
                0x00202bd8                systick_isr
 .text.systick_init
                0x00202c24       0x74 bin/systick.o
                0x00202c24                systick_init
 .text.byte_fifo_put
                0x00202c98       0xc0 bin/term.o
 .text.byte_fifo_get
                0x00202d58       0xb0 bin/term.o
 .text.byte_fifo_cb_put
                0x00202e08       0x80 bin/term.o
 .text.byte_fifo_cb_get
                0x00202e88       0x48 bin/term.o
 .text.term_init
                0x00202ed0       0x3c bin/term.o
                0x00202ed0                term_init
 .text.term_read
                0x00202f0c       0xa4 bin/term.o
                0x00202f0c                term_read
 .text.term_char
                0x00202fb0       0xb4 bin/term.o
                0x00202fb0                term_char
 .text.term_string
                0x00203064      0x118 bin/term.o
                0x00203064                term_string
 .text.term_hex
                0x0020317c       0x70 bin/term.o
                0x0020317c                term_hex
 .text.display_update
                0x002031ec       0x28 bin/display.o
                0x002031ec                display_update
 .text.display_clear
                0x00203214       0x5c bin/display.o
                0x00203214                display_clear
 .text.display_get_buffer
                0x00203270       0x20 bin/display.o
                0x00203270                display_get_buffer
 .text.display_init
                0x00203290       0x44 bin/display.o
                0x00203290                display_init
 .text.nxt_lcd_command
                0x002032d4       0x4c bin/nxt_lcd.o
                0x002032d4                nxt_lcd_command
 .text.nxt_lcd_set_multiplex_rate
                0x00203320       0x4c bin/nxt_lcd.o
                0x00203320                nxt_lcd_set_multiplex_rate
 .text.nxt_lcd_set_pot
                0x0020336c       0x4c bin/nxt_lcd.o
                0x0020336c                nxt_lcd_set_pot
 .text.nxt_lcd_set_ram_address_control
                0x002033b8       0x54 bin/nxt_lcd.o
                0x002033b8                nxt_lcd_set_ram_address_control
 .text.nxt_lcd_enable
                0x0020340c       0x4c bin/nxt_lcd.o
                0x0020340c                nxt_lcd_enable
 .text.nxt_lcd_set_map_control
                0x00203458       0x58 bin/nxt_lcd.o
                0x00203458                nxt_lcd_set_map_control
 .text.nxt_lcd_reset
                0x002034b0       0x2c bin/nxt_lcd.o
                0x002034b0                nxt_lcd_reset
 .text.nxt_lcd_set_bias_ratio
                0x002034dc       0x54 bin/nxt_lcd.o
                0x002034dc                nxt_lcd_set_bias_ratio
 .text.nxt_lcd_update
                0x00203530       0x28 bin/nxt_lcd.o
                0x00203530                nxt_lcd_update
 .text.nxt_lcd_power_up
                0x00203558       0xe4 bin/nxt_lcd.o
                0x00203558                nxt_lcd_power_up
 .text.nxt_lcd_init
                0x0020363c       0x50 bin/nxt_lcd.o
                0x0020363c                nxt_lcd_init
 .text.spi_set_mode
                0x0020368c       0x9c bin/nxt_spi.o
 .text.spi_isr_C
                0x00203728       0xf8 bin/nxt_spi.o
                0x00203728                spi_isr_C
 .text.nxt_spi_init
                0x00203820      0x2f4 bin/nxt_spi.o
                0x00203820                nxt_spi_init
 .text.nxt_spi_write
                0x00203b14       0xcc bin/nxt_spi.o
                0x00203b14                nxt_spi_write
 .text.nxt_spi_set_display
                0x00203be0       0x40 bin/nxt_spi.o
                0x00203be0                nxt_spi_set_display
 .text.nxt_spi_refresh
                0x00203c20       0x68 bin/nxt_spi.o
                0x00203c20                nxt_spi_refresh
 .text.avr_1kHz_update
                0x00203c88      0x3c4 bin/nxt_avr.o
 .text.buttonsVal2buttons
                0x0020404c      0x1bc bin/nxt_avr.o
 .text.nxt_avr_get_buttons
                0x00204208       0x24 bin/nxt_avr.o
                0x00204208                nxt_avr_get_buttons
 .text.nxt_avr_get_battery_raw
                0x0020422c       0x34 bin/nxt_avr.o
                0x0020422c                nxt_avr_get_battery_raw
 .text.nxt_avr_set_motor
                0x00204260      0x11c bin/nxt_avr.o
                0x00204260                nxt_avr_set_motor
 .text.nxt_avr_init
                0x0020437c       0x78 bin/nxt_avr.o
                0x0020437c                nxt_avr_init
 .text.twi_status
                0x002043f4       0x50 bin/twi.o
                0x002043f4                twi_status
 .text.twi_init
                0x00204444      0x210 bin/twi.o
                0x00204444                twi_init
 .text.twi_start_read
                0x00204654       0xd8 bin/twi.o
                0x00204654                twi_start_read
 .text.twi_start_write
                0x0020472c       0xf8 bin/twi.o
                0x0020472c                twi_start_write
 .text.byte_fifo_put
                0x00204824       0xc0 bin/udmon3.o
 .text.byte_fifo_get
                0x002048e4       0xb0 bin/udmon3.o
 .text.byte_fifo_cb_put
                0x00204994       0x80 bin/udmon3.o
 .text.byte_fifo_cb_get
                0x00204a14       0x48 bin/udmon3.o
 .text.udmon3_init
                0x00204a5c       0x2c bin/udmon3.o
                0x00204a5c                udmon3_init
 .text.udmon3_term_init
                0x00204a88       0x1c bin/udmon3.o
                0x00204a88                udmon3_term_init
 .text.Monitor_ReadByte
                0x00204aa4      0x1a8 bin/udmon3.o
 .text.Monitor_ReadHalf
                0x00204c4c       0x64 bin/udmon3.o
 .text.Monitor_ReadWord
                0x00204cb0       0x64 bin/udmon3.o
 .text.Monitor_WriteByte
                0x00204d14       0x34 bin/udmon3.o
 .text.Monitor_WriteHalf
                0x00204d48       0x34 bin/udmon3.o
 .text.Monitor_WriteWord
                0x00204d7c       0x34 bin/udmon3.o
 .text.udmon3_receive
                0x00204db0      0x2e0 bin/udmon3.o
 .text.udmon3_transmit
                0x00205090       0xdc bin/udmon3.o
 .text.abort    0x0020516c       0x14 /usr/lib/gcc/arm-gnu-toolchain-14.3.rel1-x86_64-arm-none-eabi/bin/../lib/gcc/arm-none-eabi/14.3.1/../../../../arm-none-eabi/lib/libg_nano.a(libc_a-abort.o)
                0x0020516c                abort
 .text.std      0x00205180       0xb0 /usr/lib/gcc/arm-gnu-toolchain-14.3.rel1-x86_64-arm-none-eabi/bin/../lib/gcc/arm-none-eabi/14.3.1/../../../../arm-none-eabi/lib/libg_nano.a(libc_a-findfp.o)
 .text.stdio_exit_handler
                0x00205230       0x28 /usr/lib/gcc/arm-gnu-toolchain-14.3.rel1-x86_64-arm-none-eabi/bin/../lib/gcc/arm-none-eabi/14.3.1/../../../../arm-none-eabi/lib/libg_nano.a(libc_a-findfp.o)
 .text.cleanup_stdio
                0x00205258       0x54 /usr/lib/gcc/arm-gnu-toolchain-14.3.rel1-x86_64-arm-none-eabi/bin/../lib/gcc/arm-none-eabi/14.3.1/../../../../arm-none-eabi/lib/libg_nano.a(libc_a-findfp.o)
 .text.global_stdio_init.part.0
                0x002052ac       0x58 /usr/lib/gcc/arm-gnu-toolchain-14.3.rel1-x86_64-arm-none-eabi/bin/../lib/gcc/arm-none-eabi/14.3.1/../../../../arm-none-eabi/lib/libg_nano.a(libc_a-findfp.o)
 .text.__sfp_lock_acquire
                0x00205304       0x18 /usr/lib/gcc/arm-gnu-toolchain-14.3.rel1-x86_64-arm-none-eabi/bin/../lib/gcc/arm-none-eabi/14.3.1/../../../../arm-none-eabi/lib/libg_nano.a(libc_a-findfp.o)
                0x00205304                __sfp_lock_acquire
 .text.__sfp_lock_release
                0x0020531c       0x18 /usr/lib/gcc/arm-gnu-toolchain-14.3.rel1-x86_64-arm-none-eabi/bin/../lib/gcc/arm-none-eabi/14.3.1/../../../../arm-none-eabi/lib/libg_nano.a(libc_a-findfp.o)
                0x0020531c                __sfp_lock_release
 .text.__sinit  0x00205334       0x48 /usr/lib/gcc/arm-gnu-toolchain-14.3.rel1-x86_64-arm-none-eabi/bin/../lib/gcc/arm-none-eabi/14.3.1/../../../../arm-none-eabi/lib/libg_nano.a(libc_a-findfp.o)
                0x00205334                __sinit
 .text._fwalk_sglue
                0x0020537c       0x70 /usr/lib/gcc/arm-gnu-toolchain-14.3.rel1-x86_64-arm-none-eabi/bin/../lib/gcc/arm-none-eabi/14.3.1/../../../../arm-none-eabi/lib/libg_nano.a(libc_a-fwalk.o)
                0x0020537c                _fwalk_sglue
 .text.setvbuf  0x002053ec      0x228 /usr/lib/gcc/arm-gnu-toolchain-14.3.rel1-x86_64-arm-none-eabi/bin/../lib/gcc/arm-none-eabi/14.3.1/../../../../arm-none-eabi/lib/libg_nano.a(libc_a-setvbuf.o)
                0x002053ec                setvbuf
 .text.__sread  0x00205614       0x34 /usr/lib/gcc/arm-gnu-toolchain-14.3.rel1-x86_64-arm-none-eabi/bin/../lib/gcc/arm-none-eabi/14.3.1/../../../../arm-none-eabi/lib/libg_nano.a(libc_a-stdio.o)
                0x00205614                __sread
 .text.__swrite
                0x00205648       0x58 /usr/lib/gcc/arm-gnu-toolchain-14.3.rel1-x86_64-arm-none-eabi/bin/../lib/gcc/arm-none-eabi/14.3.1/../../../../arm-none-eabi/lib/libg_nano.a(libc_a-stdio.o)
                0x00205648                __swrite
 .text.__sseek  0x002056a0       0x34 /usr/lib/gcc/arm-gnu-toolchain-14.3.rel1-x86_64-arm-none-eabi/bin/../lib/gcc/arm-none-eabi/14.3.1/../../../../arm-none-eabi/lib/libg_nano.a(libc_a-stdio.o)
                0x002056a0                __sseek
 .text.__sclose
                0x002056d4       0x14 /usr/lib/gcc/arm-gnu-toolchain-14.3.rel1-x86_64-arm-none-eabi/bin/../lib/gcc/arm-none-eabi/14.3.1/../../../../arm-none-eabi/lib/libg_nano.a(libc_a-stdio.o)
                0x002056d4                __sclose
 .text.memset   0x002056e8       0x18 /usr/lib/gcc/arm-gnu-toolchain-14.3.rel1-x86_64-arm-none-eabi/bin/../lib/gcc/arm-none-eabi/14.3.1/../../../../arm-none-eabi/lib/libg_nano.a(libc_a-memset.o)
                0x002056e8                memset
 .text._raise_r
                0x00205700       0x90 /usr/lib/gcc/arm-gnu-toolchain-14.3.rel1-x86_64-arm-none-eabi/bin/../lib/gcc/arm-none-eabi/14.3.1/../../../../arm-none-eabi/lib/libg_nano.a(libc_a-signal.o)
                0x00205700                _raise_r
 .text.raise    0x00205790       0x14 /usr/lib/gcc/arm-gnu-toolchain-14.3.rel1-x86_64-arm-none-eabi/bin/../lib/gcc/arm-none-eabi/14.3.1/../../../../arm-none-eabi/lib/libg_nano.a(libc_a-signal.o)
                0x00205790                raise
 .text.__libc_init_array
                0x002057a4       0x80 /usr/lib/gcc/arm-gnu-toolchain-14.3.rel1-x86_64-arm-none-eabi/bin/../lib/gcc/arm-none-eabi/14.3.1/../../../../arm-none-eabi/lib/libg_nano.a(libc_a-init.o)
                0x002057a4                __libc_init_array
 .text.__retarget_lock_init_recursive
                0x00205824        0x4 /usr/lib/gcc/arm-gnu-toolchain-14.3.rel1-x86_64-arm-none-eabi/bin/../lib/gcc/arm-none-eabi/14.3.1/../../../../arm-none-eabi/lib/libg_nano.a(libc_a-lock.o)
                0x00205824                __retarget_lock_init_recursive
 .text.__retarget_lock_acquire_recursive
                0x00205828        0x4 /usr/lib/gcc/arm-gnu-toolchain-14.3.rel1-x86_64-arm-none-eabi/bin/../lib/gcc/arm-none-eabi/14.3.1/../../../../arm-none-eabi/lib/libg_nano.a(libc_a-lock.o)
                0x00205828                __retarget_lock_acquire_recursive
 .text.__retarget_lock_release_recursive
                0x0020582c        0x4 /usr/lib/gcc/arm-gnu-toolchain-14.3.rel1-x86_64-arm-none-eabi/bin/../lib/gcc/arm-none-eabi/14.3.1/../../../../arm-none-eabi/lib/libg_nano.a(libc_a-lock.o)
                0x0020582c                __retarget_lock_release_recursive
 .text.write    0x00205830       0x28 /usr/lib/gcc/arm-gnu-toolchain-14.3.rel1-x86_64-arm-none-eabi/bin/../lib/gcc/arm-none-eabi/14.3.1/../../../../arm-none-eabi/lib/libg_nano.a(libc_a-syswrite.o)
                0x00205830                write
 .text._free_r  0x00205858      0x10c /usr/lib/gcc/arm-gnu-toolchain-14.3.rel1-x86_64-arm-none-eabi/bin/../lib/gcc/arm-none-eabi/14.3.1/../../../../arm-none-eabi/lib/libg_nano.a(libc_a-freer.o)
                0x00205858                _free_r
 .text.malloc   0x00205964       0x20 /usr/lib/gcc/arm-gnu-toolchain-14.3.rel1-x86_64-arm-none-eabi/bin/../lib/gcc/arm-none-eabi/14.3.1/../../../../arm-none-eabi/lib/libg_nano.a(libc_a-malloc.o)
                0x00205964                malloc
 .text.sbrk_aligned
                0x00205984       0x74 /usr/lib/gcc/arm-gnu-toolchain-14.3.rel1-x86_64-arm-none-eabi/bin/../lib/gcc/arm-none-eabi/14.3.1/../../../../arm-none-eabi/lib/libg_nano.a(libc_a-mallocr.o)
 .text._malloc_r
                0x002059f8      0x19c /usr/lib/gcc/arm-gnu-toolchain-14.3.rel1-x86_64-arm-none-eabi/bin/../lib/gcc/arm-none-eabi/14.3.1/../../../../arm-none-eabi/lib/libg_nano.a(libc_a-mallocr.o)
                0x002059f8                _malloc_r
 .text.__sflush_r
                0x00205b94      0x1d0 /usr/lib/gcc/arm-gnu-toolchain-14.3.rel1-x86_64-arm-none-eabi/bin/../lib/gcc/arm-none-eabi/14.3.1/../../../../arm-none-eabi/lib/libg_nano.a(libc_a-fflush.o)
                0x00205b94                __sflush_r
 .text._fflush_r
                0x00205d64       0x94 /usr/lib/gcc/arm-gnu-toolchain-14.3.rel1-x86_64-arm-none-eabi/bin/../lib/gcc/arm-none-eabi/14.3.1/../../../../arm-none-eabi/lib/libg_nano.a(libc_a-fflush.o)
                0x00205d64                _fflush_r
 .text.__swhatbuf_r
                0x00205df8       0x78 /usr/lib/gcc/arm-gnu-toolchain-14.3.rel1-x86_64-arm-none-eabi/bin/../lib/gcc/arm-none-eabi/14.3.1/../../../../arm-none-eabi/lib/libg_nano.a(libc_a-makebuf.o)
                0x00205df8                __swhatbuf_r
 *(.rodata)
 .rodata        0x00205e70       0x1c bin/startup.o
                0x00205e70                ARGV0
                0x00205e78                ARGV1
                0x00205e80                ARGV
 .rodata        0x00205e8c      0x1b8 bin/main.o
 .rodata        0x00206044       0x50 bin/newlib_syscalls.o
 .rodata        0x00206094       0x11 bin/helper.o
 *fill*         0x002060a5        0x3 
 .rodata        0x002060a8       0x59 bin/aic.o
 *fill*         0x00206101        0x3 
 .rodata        0x00206104       0x4c bin/nxt_avr.o
                0x00206104                avr_brainwash_string
 .rodata        0x00206150       0x10 bin/udmon3.o
 *(.rodata*)
 *(.init)
 .init          0x00206160        0xc /usr/lib/gcc/arm-gnu-toolchain-14.3.rel1-x86_64-arm-none-eabi/bin/../lib/gcc/arm-none-eabi/14.3.1/crti.o
                0x00206160                _init
 .init          0x0020616c        0xc /usr/lib/gcc/arm-gnu-toolchain-14.3.rel1-x86_64-arm-none-eabi/bin/../lib/gcc/arm-none-eabi/14.3.1/crtn.o
 *(.fini)
 .fini          0x00206178        0xc /usr/lib/gcc/arm-gnu-toolchain-14.3.rel1-x86_64-arm-none-eabi/bin/../lib/gcc/arm-none-eabi/14.3.1/crti.o
                0x00206178                _fini
 .fini          0x00206184        0xc /usr/lib/gcc/arm-gnu-toolchain-14.3.rel1-x86_64-arm-none-eabi/bin/../lib/gcc/arm-none-eabi/14.3.1/crtn.o
                0x00206190                        . = ALIGN (0x4)
                0x00206190                        _etext = .

.eh_frame       0x00206190        0x0
 .eh_frame      0x00206190        0x0 /usr/lib/gcc/arm-gnu-toolchain-14.3.rel1-x86_64-arm-none-eabi/bin/../lib/gcc/arm-none-eabi/14.3.1/crtbegin.o

.tm_clone_table
                0x00206190        0x0
 .tm_clone_table
                0x00206190        0x0 /usr/lib/gcc/arm-gnu-toolchain-14.3.rel1-x86_64-arm-none-eabi/bin/../lib/gcc/arm-none-eabi/14.3.1/crtbegin.o
 .tm_clone_table
                0x00206190        0x0 /usr/lib/gcc/arm-gnu-toolchain-14.3.rel1-x86_64-arm-none-eabi/bin/../lib/gcc/arm-none-eabi/14.3.1/crtend.o

.igot.plt       0x00206190        0x0
 .igot.plt      0x00206190        0x0 /usr/lib/gcc/arm-gnu-toolchain-14.3.rel1-x86_64-arm-none-eabi/bin/../lib/gcc/arm-none-eabi/14.3.1/crtbegin.o

.glue_7         0x00206190        0x0
 .glue_7        0x00206190        0x0 linker stubs

.glue_7t        0x00206190        0x0
 .glue_7t       0x00206190        0x0 linker stubs

.vfp11_veneer   0x00206190        0x0
 .vfp11_veneer  0x00206190        0x0 linker stubs

.v4_bx          0x00206190        0x0
 .v4_bx         0x00206190        0x0 linker stubs

.iplt           0x00206190        0x0
 .iplt          0x00206190        0x0 /usr/lib/gcc/arm-gnu-toolchain-14.3.rel1-x86_64-arm-none-eabi/bin/../lib/gcc/arm-none-eabi/14.3.1/crtbegin.o

preinit_array_seg
                0x00206190        0x0
                0x00206190                        PROVIDE (__preinit_array_start = .)
 *(SORT_BY_NAME(.preinit_array.*))
 *(.preinit_array*)
                0x00206190                        PROVIDE (__preinit_array_end = .)

init_array_seg  0x00206190        0x8
                0x00206190                        PROVIDE (__init_array_start = .)
 *(SORT_BY_NAME(.init_array.*))
 *(.init_array*)
 .init_array    0x00206190        0x4 /usr/lib/gcc/arm-gnu-toolchain-14.3.rel1-x86_64-arm-none-eabi/bin/../lib/gcc/arm-none-eabi/14.3.1/crtbegin.o
 .init_array    0x00206194        0x4 bin/main.o
                0x00206198                        PROVIDE (__init_array_end = .)

fini_array_seg  0x00206198        0x4
                [!provide]                        PROVIDE (__fini_array_start = .)
 *(.fini_array*)
 .fini_array    0x00206198        0x4 /usr/lib/gcc/arm-gnu-toolchain-14.3.rel1-x86_64-arm-none-eabi/bin/../lib/gcc/arm-none-eabi/14.3.1/crtbegin.o
 *(SORT_BY_NAME(.fini_array.*))
                [!provide]                        PROVIDE (__fini_array_end = .)

ARM_exidx_extab_seg
                0x0020619c        0x0
                0x0020619c                        __exidx_start = .
 *(.ARM.exidx .ARM.exidx.*)
                0x0020619c                        __exidx_end = .
                0x0020619c                        __extab_start = .
 *(.ARM.extab .ARM.extab.*)
                0x0020619c                        __extab_end = .

data_seg        0x0020619c       0xf8
                0x0020619c                        __data_load = LOADADDR (data_seg)
                0x0020619c                        __data_start = .
 *(.data)
 .data          0x0020619c        0x1 bin/newlib_syscalls.o
 *fill*         0x0020619d        0x3 
 .data          0x002061a0       0x96 bin/term.o
                0x002061a0                fifo_rx
                0x002061ec                fifo_tx
 .data          0x00206236        0x1 bin/nxt_spi.o
                0x00206236                mode
 *(.data*)
 *fill*         0x00206237        0x1 
 .data.__sglue  0x00206238        0xc /usr/lib/gcc/arm-gnu-toolchain-14.3.rel1-x86_64-arm-none-eabi/bin/../lib/gcc/arm-none-eabi/14.3.1/../../../../arm-none-eabi/lib/libg_nano.a(libc_a-findfp.o)
                0x00206238                __sglue
 .data._impure_ptr
                0x00206244        0x4 /usr/lib/gcc/arm-gnu-toolchain-14.3.rel1-x86_64-arm-none-eabi/bin/../lib/gcc/arm-none-eabi/14.3.1/../../../../arm-none-eabi/lib/libg_nano.a(libc_a-impure.o)
                0x00206244                _impure_ptr
 .data._impure_data
                0x00206248       0x4c /usr/lib/gcc/arm-gnu-toolchain-14.3.rel1-x86_64-arm-none-eabi/bin/../lib/gcc/arm-none-eabi/14.3.1/../../../../arm-none-eabi/lib/libg_nano.a(libc_a-impure.o)
                0x00206248                _impure_data
                0x00206294                        . = ALIGN (0x4)
                0x00206294                        _edata = .

bss_seg         0x00206294      0xac0
                0x00206294                        __bss_start__ = .
 *(.bss)
 .bss           0x00206294      0x4e7 bin/main.o
                0x00206294                main_data
                0x00206298                trace_buf0
                0x00206428                trace_buf1
                0x002065b8                trace_buf2
                0x00206748                motor_data
 *fill*         0x0020677b        0x1 
 .bss           0x0020677c        0x4 bin/newlib_syscalls.o
 .bss           0x00206780       0x10 bin/aic.o
                0x00206780                aic_intNest
                0x00206781                aic_intMax
                0x00206784                aic
 .bss           0x00206790        0xc bin/systick.o
                0x00206790                systick
 .bss           0x0020679c      0x38c bin/display.o
                0x00206b20                display_x
                0x00206b24                display_y
 .bss           0x00206b28        0x4 bin/nxt_lcd.o
 .bss           0x00206b2c        0xc bin/nxt_spi.o
                0x00206b2c                display
                0x00206b30                dirty
                0x00206b31                page
                0x00206b34                data
 .bss           0x00206b38       0x34 bin/nxt_avr.o
                0x00206b38                avr
 .bss           0x00206b6c       0x20 bin/twi.o
 .bss           0x00206b8c       0x64 bin/udmon3.o
                0x00206b8c                udmon3
 *(.bss*)
 .bss.completed.1
                0x00206bf0        0x1 /usr/lib/gcc/arm-gnu-toolchain-14.3.rel1-x86_64-arm-none-eabi/bin/../lib/gcc/arm-none-eabi/14.3.1/crtbegin.o
 *fill*         0x00206bf1        0x3 
 .bss.object.0  0x00206bf4       0x18 /usr/lib/gcc/arm-gnu-toolchain-14.3.rel1-x86_64-arm-none-eabi/bin/../lib/gcc/arm-none-eabi/14.3.1/crtbegin.o
 .bss.__sf      0x00206c0c      0x138 /usr/lib/gcc/arm-gnu-toolchain-14.3.rel1-x86_64-arm-none-eabi/bin/../lib/gcc/arm-none-eabi/14.3.1/../../../../arm-none-eabi/lib/libg_nano.a(libc_a-findfp.o)
                0x00206c0c                __sf
 .bss.__stdio_exit_handler
                0x00206d44        0x4 /usr/lib/gcc/arm-gnu-toolchain-14.3.rel1-x86_64-arm-none-eabi/bin/../lib/gcc/arm-none-eabi/14.3.1/../../../../arm-none-eabi/lib/libg_nano.a(libc_a-findfp.o)
                0x00206d44                __stdio_exit_handler
 .bss.__lock___sfp_recursive_mutex
                0x00206d48        0x1 /usr/lib/gcc/arm-gnu-toolchain-14.3.rel1-x86_64-arm-none-eabi/bin/../lib/gcc/arm-none-eabi/14.3.1/../../../../arm-none-eabi/lib/libg_nano.a(libc_a-lock.o)
                0x00206d48                __lock___sfp_recursive_mutex
 *fill*         0x00206d49        0x3 
 .bss.__malloc_sbrk_start
                0x00206d4c        0x4 /usr/lib/gcc/arm-gnu-toolchain-14.3.rel1-x86_64-arm-none-eabi/bin/../lib/gcc/arm-none-eabi/14.3.1/../../../../arm-none-eabi/lib/libg_nano.a(libc_a-mallocr.o)
                0x00206d4c                __malloc_sbrk_start
 .bss.__malloc_free_list
                0x00206d50        0x4 /usr/lib/gcc/arm-gnu-toolchain-14.3.rel1-x86_64-arm-none-eabi/bin/../lib/gcc/arm-none-eabi/14.3.1/../../../../arm-none-eabi/lib/libg_nano.a(libc_a-mallocr.o)
                0x00206d50                __malloc_free_list
 *(COMMON)
                0x00206d54                        . = ALIGN (0x4)
                0x00206d54                        _ebss = .
                0x00206d54                        __bss_end__ = .
                [!provide]                        PROVIDE (end = _ebss)
                [!provide]                        PROVIDE (_end = _ebss)
                [!provide]                        PROVIDE (__end__ = _ebss)

.rel.dyn        0x00206d54        0x0
 .rel.iplt      0x00206d54        0x0 /usr/lib/gcc/arm-gnu-toolchain-14.3.rel1-x86_64-arm-none-eabi/bin/../lib/gcc/arm-none-eabi/14.3.1/crtbegin.o

heap_seg        0x00206d54     0x1000
                0x00206d54                        __heap_start__ = .
                0x00207d54                        . = (. + HEAP_SIZE)
 *fill*         0x00206d54     0x1000 
                0x00207d54                        . = ALIGN (0x4)
                0x00207d54                        __heap_end__ = .

stack_seg       0x00207d54      0xbb8
                0x00207d54                        __stack_start__ = .
                0x0020890c                        . = (. + STACK_SIZE)
 *fill*         0x00207d54      0xbb8 
                0x0020890c                        . = ALIGN (0x4)
                0x0020890c                        __c_stack_top__ = .
                0x0020890c                        __stack_end__ = .

/DISCARD/
 libc.a(*)
 libm.a(*)
 libgcc.a(*)

lcd_seg         0x10000000     0x124f
                0x1000124f                        . = (. + ((NXT_WIDTH * NXT_HIGH) / 0x8))
 *fill*         0x10000000     0x124f 
OUTPUT(bin/demo.elf elf32-littlearm)
LOAD linker stubs
LOAD /usr/lib/gcc/arm-gnu-toolchain-14.3.rel1-x86_64-arm-none-eabi/bin/../lib/gcc/arm-none-eabi/14.3.1/../../../../arm-none-eabi/lib/libc.a
LOAD /usr/lib/gcc/arm-gnu-toolchain-14.3.rel1-x86_64-arm-none-eabi/bin/../lib/gcc/arm-none-eabi/14.3.1/../../../../arm-none-eabi/lib/libm.a
LOAD /usr/lib/gcc/arm-gnu-toolchain-14.3.rel1-x86_64-arm-none-eabi/bin/../lib/gcc/arm-none-eabi/14.3.1/libgcc.a

.ARM.attributes
                0x00000000       0x26
 .ARM.attributes
                0x00000000       0x1c /usr/lib/gcc/arm-gnu-toolchain-14.3.rel1-x86_64-arm-none-eabi/bin/../lib/gcc/arm-none-eabi/14.3.1/crti.o
 .ARM.attributes
                0x0000001c       0x2a /usr/lib/gcc/arm-gnu-toolchain-14.3.rel1-x86_64-arm-none-eabi/bin/../lib/gcc/arm-none-eabi/14.3.1/crtbegin.o
 .ARM.attributes
                0x00000046       0x20 bin/startup.o
 .ARM.attributes
                0x00000066       0x20 bin/isr.o
 .ARM.attributes
                0x00000086       0x2a bin/main.o
 .ARM.attributes
                0x000000b0       0x2a bin/low_level_init.o
 .ARM.attributes
                0x000000da       0x2a bin/newlib_syscalls.o
 .ARM.attributes
                0x00000104       0x2a bin/byte_fifo_cb.o
 .ARM.attributes
                0x0000012e       0x2a bin/helper.o
 .ARM.attributes
                0x00000158       0x2a bin/aic.o
 .ARM.attributes
                0x00000182       0x2a bin/systick.o
 .ARM.attributes
                0x000001ac       0x2a bin/term.o
 .ARM.attributes
                0x000001d6       0x2a bin/display.o
 .ARM.attributes
                0x00000200       0x2a bin/nxt_lcd.o
 .ARM.attributes
                0x0000022a       0x2a bin/nxt_spi.o
 .ARM.attributes
                0x00000254       0x2a bin/nxt_avr.o
 .ARM.attributes
                0x0000027e       0x2a bin/twi.o
 .ARM.attributes
                0x000002a8       0x2a bin/udmon3.o
 .ARM.attributes
                0x000002d2       0x2a /usr/lib/gcc/arm-gnu-toolchain-14.3.rel1-x86_64-arm-none-eabi/bin/../lib/gcc/arm-none-eabi/14.3.1/../../../../arm-none-eabi/lib/libg_nano.a(libc_a-abort.o)
 .ARM.attributes
                0x000002fc       0x2a /usr/lib/gcc/arm-gnu-toolchain-14.3.rel1-x86_64-arm-none-eabi/bin/../lib/gcc/arm-none-eabi/14.3.1/../../../../arm-none-eabi/lib/libg_nano.a(libc_a-findfp.o)
 .ARM.attributes
                0x00000326       0x2a /usr/lib/gcc/arm-gnu-toolchain-14.3.rel1-x86_64-arm-none-eabi/bin/../lib/gcc/arm-none-eabi/14.3.1/../../../../arm-none-eabi/lib/libg_nano.a(libc_a-fwalk.o)
 .ARM.attributes
                0x00000350       0x2a /usr/lib/gcc/arm-gnu-toolchain-14.3.rel1-x86_64-arm-none-eabi/bin/../lib/gcc/arm-none-eabi/14.3.1/../../../../arm-none-eabi/lib/libg_nano.a(libc_a-setvbuf.o)
 .ARM.attributes
                0x0000037a       0x2a /usr/lib/gcc/arm-gnu-toolchain-14.3.rel1-x86_64-arm-none-eabi/bin/../lib/gcc/arm-none-eabi/14.3.1/../../../../arm-none-eabi/lib/libg_nano.a(libc_a-stdio.o)
 .ARM.attributes
                0x000003a4       0x2a /usr/lib/gcc/arm-gnu-toolchain-14.3.rel1-x86_64-arm-none-eabi/bin/../lib/gcc/arm-none-eabi/14.3.1/../../../../arm-none-eabi/lib/libg_nano.a(libc_a-memset.o)
 .ARM.attributes
                0x000003ce       0x2a /usr/lib/gcc/arm-gnu-toolchain-14.3.rel1-x86_64-arm-none-eabi/bin/../lib/gcc/arm-none-eabi/14.3.1/../../../../arm-none-eabi/lib/libg_nano.a(libc_a-signal.o)
 .ARM.attributes
                0x000003f8       0x2a /usr/lib/gcc/arm-gnu-toolchain-14.3.rel1-x86_64-arm-none-eabi/bin/../lib/gcc/arm-none-eabi/14.3.1/../../../../arm-none-eabi/lib/libg_nano.a(libc_a-impure.o)
 .ARM.attributes
                0x00000422       0x2a /usr/lib/gcc/arm-gnu-toolchain-14.3.rel1-x86_64-arm-none-eabi/bin/../lib/gcc/arm-none-eabi/14.3.1/../../../../arm-none-eabi/lib/libg_nano.a(libc_a-init.o)
 .ARM.attributes
                0x0000044c       0x2a /usr/lib/gcc/arm-gnu-toolchain-14.3.rel1-x86_64-arm-none-eabi/bin/../lib/gcc/arm-none-eabi/14.3.1/../../../../arm-none-eabi/lib/libg_nano.a(libc_a-lock.o)
 .ARM.attributes
                0x00000476       0x2a /usr/lib/gcc/arm-gnu-toolchain-14.3.rel1-x86_64-arm-none-eabi/bin/../lib/gcc/arm-none-eabi/14.3.1/../../../../arm-none-eabi/lib/libg_nano.a(libc_a-syswrite.o)
 .ARM.attributes
                0x000004a0       0x1c /usr/lib/gcc/arm-gnu-toolchain-14.3.rel1-x86_64-arm-none-eabi/bin/../lib/gcc/arm-none-eabi/14.3.1/../../../../arm-none-eabi/lib/libg_nano.a(libc_a-strlen.o)
 .ARM.attributes
                0x000004bc       0x2a /usr/lib/gcc/arm-gnu-toolchain-14.3.rel1-x86_64-arm-none-eabi/bin/../lib/gcc/arm-none-eabi/14.3.1/../../../../arm-none-eabi/lib/libg_nano.a(libc_a-freer.o)
 .ARM.attributes
                0x000004e6       0x2a /usr/lib/gcc/arm-gnu-toolchain-14.3.rel1-x86_64-arm-none-eabi/bin/../lib/gcc/arm-none-eabi/14.3.1/../../../../arm-none-eabi/lib/libg_nano.a(libc_a-malloc.o)
 .ARM.attributes
                0x00000510       0x2a /usr/lib/gcc/arm-gnu-toolchain-14.3.rel1-x86_64-arm-none-eabi/bin/../lib/gcc/arm-none-eabi/14.3.1/../../../../arm-none-eabi/lib/libg_nano.a(libc_a-mallocr.o)
 .ARM.attributes
                0x0000053a       0x2a /usr/lib/gcc/arm-gnu-toolchain-14.3.rel1-x86_64-arm-none-eabi/bin/../lib/gcc/arm-none-eabi/14.3.1/../../../../arm-none-eabi/lib/libg_nano.a(libc_a-fflush.o)
 .ARM.attributes
                0x00000564       0x2a /usr/lib/gcc/arm-gnu-toolchain-14.3.rel1-x86_64-arm-none-eabi/bin/../lib/gcc/arm-none-eabi/14.3.1/../../../../arm-none-eabi/lib/libg_nano.a(libc_a-makebuf.o)
 .ARM.attributes
                0x0000058e       0x2a /usr/lib/gcc/arm-gnu-toolchain-14.3.rel1-x86_64-arm-none-eabi/bin/../lib/gcc/arm-none-eabi/14.3.1/crtend.o
 .ARM.attributes
                0x000005b8       0x1c /usr/lib/gcc/arm-gnu-toolchain-14.3.rel1-x86_64-arm-none-eabi/bin/../lib/gcc/arm-none-eabi/14.3.1/crtn.o

.comment        0x00000000       0x46
 .comment       0x00000000       0x46 bin/main.o
                                 0x47 (size before relaxing)
 .comment       0x00000046       0x47 bin/low_level_init.o
 .comment       0x00000046       0x47 bin/newlib_syscalls.o
 .comment       0x00000046       0x47 bin/byte_fifo_cb.o
 .comment       0x00000046       0x47 bin/helper.o
 .comment       0x00000046       0x47 bin/aic.o
 .comment       0x00000046       0x47 bin/systick.o
 .comment       0x00000046       0x47 bin/term.o
 .comment       0x00000046       0x47 bin/display.o
 .comment       0x00000046       0x47 bin/nxt_lcd.o
 .comment       0x00000046       0x47 bin/nxt_spi.o
 .comment       0x00000046       0x47 bin/nxt_avr.o
 .comment       0x00000046       0x47 bin/twi.o
 .comment       0x00000046       0x47 bin/udmon3.o

.stab           0x00000000      0x9f0
 .stab          0x00000000      0x234 bin/startup.o
 .stab          0x00000234      0x7bc bin/isr.o
                                0x7c8 (size before relaxing)

.stabstr        0x00000000       0xd9
 .stabstr       0x00000000       0xd9 bin/startup.o

.debug_info     0x00000000     0x5fb8
 .debug_info    0x00000000     0x13ce bin/main.o
 .debug_info    0x000013ce      0x30b bin/low_level_init.o
 .debug_info    0x000016d9     0x104d bin/newlib_syscalls.o
 .debug_info    0x00002726      0x41a bin/byte_fifo_cb.o
 .debug_info    0x00002b40      0x101 bin/helper.o
 .debug_info    0x00002c41      0x764 bin/aic.o
 .debug_info    0x000033a5      0x293 bin/systick.o
 .debug_info    0x00003638      0x6ca bin/term.o
 .debug_info    0x00003d02      0x5ad bin/display.o
 .debug_info    0x000042af      0x58b bin/nxt_lcd.o
 .debug_info    0x0000483a      0x2c8 bin/nxt_spi.o
 .debug_info    0x00004b02      0x740 bin/nxt_avr.o
 .debug_info    0x00005242      0x381 bin/twi.o
 .debug_info    0x000055c3      0x9f5 bin/udmon3.o

.debug_abbrev   0x00000000     0x19bd
 .debug_abbrev  0x00000000      0x424 bin/main.o
 .debug_abbrev  0x00000424       0xf5 bin/low_level_init.o
 .debug_abbrev  0x00000519      0x2da bin/newlib_syscalls.o
 .debug_abbrev  0x000007f3      0x18a bin/byte_fifo_cb.o
 .debug_abbrev  0x0000097d       0xa9 bin/helper.o
 .debug_abbrev  0x00000a26      0x26a bin/aic.o
 .debug_abbrev  0x00000c90      0x13b bin/systick.o
 .debug_abbrev  0x00000dcb      0x1c6 bin/term.o
 .debug_abbrev  0x00000f91      0x1a1 bin/display.o
 .debug_abbrev  0x00001132      0x101 bin/nxt_lcd.o
 .debug_abbrev  0x00001233      0x13e bin/nxt_spi.o
 .debug_abbrev  0x00001371      0x261 bin/nxt_avr.o
 .debug_abbrev  0x000015d2      0x16d bin/twi.o
 .debug_abbrev  0x0000173f      0x27e bin/udmon3.o

.debug_aranges  0x00000000      0x6d0
 .debug_aranges
                0x00000000       0xf8 bin/main.o
 .debug_aranges
                0x000000f8       0x20 bin/low_level_init.o
 .debug_aranges
                0x00000118       0x98 bin/newlib_syscalls.o
 .debug_aranges
                0x000001b0       0x70 bin/byte_fifo_cb.o
 .debug_aranges
                0x00000220       0x28 bin/helper.o
 .debug_aranges
                0x00000248       0x88 bin/aic.o
 .debug_aranges
                0x000002d0       0x48 bin/systick.o
 .debug_aranges
                0x00000318       0xa8 bin/term.o
 .debug_aranges
                0x000003c0       0x78 bin/display.o
 .debug_aranges
                0x00000438       0xd0 bin/nxt_lcd.o
 .debug_aranges
                0x00000508       0x48 bin/nxt_spi.o
 .debug_aranges
                0x00000550       0x80 bin/nxt_avr.o
 .debug_aranges
                0x000005d0       0x40 bin/twi.o
 .debug_aranges
                0x00000610       0xc0 bin/udmon3.o

.debug_rnglists
                0x00000000      0x562
 .debug_rnglists
                0x00000000       0xbe bin/main.o
 .debug_rnglists
                0x000000be       0x14 bin/low_level_init.o
 .debug_rnglists
                0x000000d2       0xad bin/newlib_syscalls.o
 .debug_rnglists
                0x0000017f       0x53 bin/byte_fifo_cb.o
 .debug_rnglists
                0x000001d2       0x1a bin/helper.o
 .debug_rnglists
                0x000001ec       0x66 bin/aic.o
 .debug_rnglists
                0x00000252       0x31 bin/systick.o
 .debug_rnglists
                0x00000283       0x80 bin/term.o
 .debug_rnglists
                0x00000303       0x59 bin/display.o
 .debug_rnglists
                0x0000035c       0x99 bin/nxt_lcd.o
 .debug_rnglists
                0x000003f5       0x35 bin/nxt_spi.o
 .debug_rnglists
                0x0000042a       0x60 bin/nxt_avr.o
 .debug_rnglists
                0x0000048a       0x2f bin/twi.o
 .debug_rnglists
                0x000004b9       0xa9 bin/udmon3.o

.debug_line     0x00000000     0x3f1e
 .debug_line    0x00000000      0x8b1 bin/main.o
 .debug_line    0x000008b1      0x1e8 bin/low_level_init.o
 .debug_line    0x00000a99      0x726 bin/newlib_syscalls.o
 .debug_line    0x000011bf      0x34b bin/byte_fifo_cb.o
 .debug_line    0x0000150a       0xd8 bin/helper.o
 .debug_line    0x000015e2      0x3ea bin/aic.o
 .debug_line    0x000019cc      0x227 bin/systick.o
 .debug_line    0x00001bf3      0x471 bin/term.o
 .debug_line    0x00002064      0x419 bin/display.o
 .debug_line    0x0000247d      0x3e4 bin/nxt_lcd.o
 .debug_line    0x00002861      0x37e bin/nxt_spi.o
 .debug_line    0x00002bdf      0x54d bin/nxt_avr.o
 .debug_line    0x0000312c      0x47b bin/twi.o
 .debug_line    0x000035a7      0x977 bin/udmon3.o

.debug_str      0x00000000     0x1a07
 .debug_str     0x00000000     0x1a07 bin/main.o
                                0xa86 (size before relaxing)
 .debug_str     0x00001a07      0x309 bin/low_level_init.o
 .debug_str     0x00001a07      0x7d7 bin/newlib_syscalls.o
 .debug_str     0x00001a07      0x2d6 bin/byte_fifo_cb.o
 .debug_str     0x00001a07      0x148 bin/helper.o
 .debug_str     0x00001a07      0x4d2 bin/aic.o
 .debug_str     0x00001a07      0x2aa bin/systick.o
 .debug_str     0x00001a07      0x3a2 bin/term.o
 .debug_str     0x00001a07      0x33c bin/display.o
 .debug_str     0x00001a07      0x431 bin/nxt_lcd.o
 .debug_str     0x00001a07      0x2b8 bin/nxt_spi.o
 .debug_str     0x00001a07      0x5e0 bin/nxt_avr.o
 .debug_str     0x00001a07      0x358 bin/twi.o
 .debug_str     0x00001a07      0x471 bin/udmon3.o

.debug_frame    0x00000000     0x1f54
 .debug_frame   0x00000000      0x3bc bin/main.o
 .debug_frame   0x000003bc       0x30 bin/low_level_init.o
 .debug_frame   0x000003ec      0x228 bin/newlib_syscalls.o
 .debug_frame   0x00000614      0x188 bin/byte_fifo_cb.o
 .debug_frame   0x0000079c       0x50 bin/helper.o
 .debug_frame   0x000007ec      0x1ec bin/aic.o
 .debug_frame   0x000009d8       0xd4 bin/systick.o
 .debug_frame   0x00000aac      0x294 bin/term.o
 .debug_frame   0x00000d40      0x1b4 bin/display.o
 .debug_frame   0x00000ef4      0x354 bin/nxt_lcd.o
 .debug_frame   0x00001248       0xe8 bin/nxt_spi.o
 .debug_frame   0x00001330      0x1bc bin/nxt_avr.o
 .debug_frame   0x000014ec       0xc4 bin/twi.o
 .debug_frame   0x000015b0      0x2f4 bin/udmon3.o
 .debug_frame   0x000018a4       0x28 /usr/lib/gcc/arm-gnu-toolchain-14.3.rel1-x86_64-arm-none-eabi/bin/../lib/gcc/arm-none-eabi/14.3.1/../../../../arm-none-eabi/lib/libg_nano.a(libc_a-abort.o)
 .debug_frame   0x000018cc      0x178 /usr/lib/gcc/arm-gnu-toolchain-14.3.rel1-x86_64-arm-none-eabi/bin/../lib/gcc/arm-none-eabi/14.3.1/../../../../arm-none-eabi/lib/libg_nano.a(libc_a-findfp.o)
 .debug_frame   0x00001a44       0x44 /usr/lib/gcc/arm-gnu-toolchain-14.3.rel1-x86_64-arm-none-eabi/bin/../lib/gcc/arm-none-eabi/14.3.1/../../../../arm-none-eabi/lib/libg_nano.a(libc_a-fwalk.o)
 .debug_frame   0x00001a88       0x44 /usr/lib/gcc/arm-gnu-toolchain-14.3.rel1-x86_64-arm-none-eabi/bin/../lib/gcc/arm-none-eabi/14.3.1/../../../../arm-none-eabi/lib/libg_nano.a(libc_a-setvbuf.o)
 .debug_frame   0x00001acc       0x9c /usr/lib/gcc/arm-gnu-toolchain-14.3.rel1-x86_64-arm-none-eabi/bin/../lib/gcc/arm-none-eabi/14.3.1/../../../../arm-none-eabi/lib/libg_nano.a(libc_a-stdio.o)
 .debug_frame   0x00001b68       0x20 /usr/lib/gcc/arm-gnu-toolchain-14.3.rel1-x86_64-arm-none-eabi/bin/../lib/gcc/arm-none-eabi/14.3.1/../../../../arm-none-eabi/lib/libg_nano.a(libc_a-memset.o)
 .debug_frame   0x00001b88       0xec /usr/lib/gcc/arm-gnu-toolchain-14.3.rel1-x86_64-arm-none-eabi/bin/../lib/gcc/arm-none-eabi/14.3.1/../../../../arm-none-eabi/lib/libg_nano.a(libc_a-signal.o)
 .debug_frame   0x00001c74       0x38 /usr/lib/gcc/arm-gnu-toolchain-14.3.rel1-x86_64-arm-none-eabi/bin/../lib/gcc/arm-none-eabi/14.3.1/../../../../arm-none-eabi/lib/libg_nano.a(libc_a-init.o)
 .debug_frame   0x00001cac       0xb0 /usr/lib/gcc/arm-gnu-toolchain-14.3.rel1-x86_64-arm-none-eabi/bin/../lib/gcc/arm-none-eabi/14.3.1/../../../../arm-none-eabi/lib/libg_nano.a(libc_a-lock.o)
 .debug_frame   0x00001d5c       0x2c /usr/lib/gcc/arm-gnu-toolchain-14.3.rel1-x86_64-arm-none-eabi/bin/../lib/gcc/arm-none-eabi/14.3.1/../../../../arm-none-eabi/lib/libg_nano.a(libc_a-syswrite.o)
 .debug_frame   0x00001d88       0x38 /usr/lib/gcc/arm-gnu-toolchain-14.3.rel1-x86_64-arm-none-eabi/bin/../lib/gcc/arm-none-eabi/14.3.1/../../../../arm-none-eabi/lib/libg_nano.a(libc_a-freer.o)
 .debug_frame   0x00001dc0       0x48 /usr/lib/gcc/arm-gnu-toolchain-14.3.rel1-x86_64-arm-none-eabi/bin/../lib/gcc/arm-none-eabi/14.3.1/../../../../arm-none-eabi/lib/libg_nano.a(libc_a-malloc.o)
 .debug_frame   0x00001e08       0x68 /usr/lib/gcc/arm-gnu-toolchain-14.3.rel1-x86_64-arm-none-eabi/bin/../lib/gcc/arm-none-eabi/14.3.1/../../../../arm-none-eabi/lib/libg_nano.a(libc_a-mallocr.o)
 .debug_frame   0x00001e70       0x80 /usr/lib/gcc/arm-gnu-toolchain-14.3.rel1-x86_64-arm-none-eabi/bin/../lib/gcc/arm-none-eabi/14.3.1/../../../../arm-none-eabi/lib/libg_nano.a(libc_a-fflush.o)
 .debug_frame   0x00001ef0       0x64 /usr/lib/gcc/arm-gnu-toolchain-14.3.rel1-x86_64-arm-none-eabi/bin/../lib/gcc/arm-none-eabi/14.3.1/../../../../arm-none-eabi/lib/libg_nano.a(libc_a-makebuf.o)

.debug_loclists
                0x00000000      0x9d5
 .debug_loclists
                0x00000000       0x2c bin/twi.o
 .debug_loclists
                0x0000002c      0x9a9 bin/udmon3.o

.debug_line_str
                0x00000000       0xd0
 .debug_line_str
                0x00000000       0xd0 /usr/lib/gcc/arm-gnu-toolchain-14.3.rel1-x86_64-arm-none-eabi/bin/../lib/gcc/arm-none-eabi/14.3.1/../../../../arm-none-eabi/lib/libg_nano.a(libc_a-strlen.o)

Cross Reference Table

Symbol                                            File
ARGV                                              bin/startup.o
ARGV0                                             bin/startup.o
ARGV1                                             bin/startup.o
PARGV                                             bin/startup.o
Q_onAssert                                        bin/aic.o
                                                  bin/isr.o
_ITM_deregisterTMCloneTable                       /usr/lib/gcc/arm-gnu-toolchain-14.3.rel1-x86_64-arm-none-eabi/bin/../lib/gcc/arm-none-eabi/14.3.1/crtbegin.o
_ITM_registerTMCloneTable                         /usr/lib/gcc/arm-gnu-toolchain-14.3.rel1-x86_64-arm-none-eabi/bin/../lib/gcc/arm-none-eabi/14.3.1/crtbegin.o
__TMC_END__                                       /usr/lib/gcc/arm-gnu-toolchain-14.3.rel1-x86_64-arm-none-eabi/bin/../lib/gcc/arm-none-eabi/14.3.1/crtend.o
                                                  /usr/lib/gcc/arm-gnu-toolchain-14.3.rel1-x86_64-arm-none-eabi/bin/../lib/gcc/arm-none-eabi/14.3.1/crtbegin.o
__aeabi_idiv0                                     /usr/lib/gcc/arm-gnu-toolchain-14.3.rel1-x86_64-arm-none-eabi/bin/../lib/gcc/arm-none-eabi/14.3.1/libgcc.a(_dvmd_tls.o)
                                                  /usr/lib/gcc/arm-gnu-toolchain-14.3.rel1-x86_64-arm-none-eabi/bin/../lib/gcc/arm-none-eabi/14.3.1/libgcc.a(_udivsi3.o)
__aeabi_ldiv0                                     /usr/lib/gcc/arm-gnu-toolchain-14.3.rel1-x86_64-arm-none-eabi/bin/../lib/gcc/arm-none-eabi/14.3.1/libgcc.a(_dvmd_tls.o)
__aeabi_uidiv                                     /usr/lib/gcc/arm-gnu-toolchain-14.3.rel1-x86_64-arm-none-eabi/bin/../lib/gcc/arm-none-eabi/14.3.1/libgcc.a(_udivsi3.o)
                                                  bin/helper.o
__aeabi_uidivmod                                  /usr/lib/gcc/arm-gnu-toolchain-14.3.rel1-x86_64-arm-none-eabi/bin/../lib/gcc/arm-none-eabi/14.3.1/libgcc.a(_udivsi3.o)
                                                  bin/helper.o
__bss_end__                                       bin/startup.o
                                                  /usr/lib/gcc/arm-gnu-toolchain-14.3.rel1-x86_64-arm-none-eabi/bin/../lib/gcc/arm-none-eabi/14.3.1/../../../../arm-none-eabi/lib/crt0.o
__bss_start__                                     bin/startup.o
                                                  /usr/lib/gcc/arm-gnu-toolchain-14.3.rel1-x86_64-arm-none-eabi/bin/../lib/gcc/arm-none-eabi/14.3.1/../../../../arm-none-eabi/lib/crt0.o
__c_stack_top__                                   bin/startup.o
__call_exitprocs                                  /usr/lib/gcc/arm-gnu-toolchain-14.3.rel1-x86_64-arm-none-eabi/bin/../lib/gcc/arm-none-eabi/14.3.1/../../../../arm-none-eabi/lib/libg_nano.a(libc_a-exit.o)
__deregister_frame_info                           /usr/lib/gcc/arm-gnu-toolchain-14.3.rel1-x86_64-arm-none-eabi/bin/../lib/gcc/arm-none-eabi/14.3.1/crtbegin.o
__dso_handle                                      /usr/lib/gcc/arm-gnu-toolchain-14.3.rel1-x86_64-arm-none-eabi/bin/../lib/gcc/arm-none-eabi/14.3.1/crtbegin.o
__fp_lock_all                                     /usr/lib/gcc/arm-gnu-toolchain-14.3.rel1-x86_64-arm-none-eabi/bin/../lib/gcc/arm-none-eabi/14.3.1/../../../../arm-none-eabi/lib/libg_nano.a(libc_a-findfp.o)
__fp_unlock_all                                   /usr/lib/gcc/arm-gnu-toolchain-14.3.rel1-x86_64-arm-none-eabi/bin/../lib/gcc/arm-none-eabi/14.3.1/../../../../arm-none-eabi/lib/libg_nano.a(libc_a-findfp.o)
__heap_end__                                      bin/newlib_syscalls.o
__heap_start__                                    bin/newlib_syscalls.o
__init_array_end                                  /usr/lib/gcc/arm-gnu-toolchain-14.3.rel1-x86_64-arm-none-eabi/bin/../lib/gcc/arm-none-eabi/14.3.1/../../../../arm-none-eabi/lib/libg_nano.a(libc_a-init.o)
__init_array_start                                /usr/lib/gcc/arm-gnu-toolchain-14.3.rel1-x86_64-arm-none-eabi/bin/../lib/gcc/arm-none-eabi/14.3.1/../../../../arm-none-eabi/lib/libg_nano.a(libc_a-init.o)
__libc_fini_array                                 /usr/lib/gcc/arm-gnu-toolchain-14.3.rel1-x86_64-arm-none-eabi/bin/../lib/gcc/arm-none-eabi/14.3.1/../../../../arm-none-eabi/lib/crt0.o
__libc_init_array                                 /usr/lib/gcc/arm-gnu-toolchain-14.3.rel1-x86_64-arm-none-eabi/bin/../lib/gcc/arm-none-eabi/14.3.1/../../../../arm-none-eabi/lib/libg_nano.a(libc_a-init.o)
                                                  bin/startup.o
                                                  /usr/lib/gcc/arm-gnu-toolchain-14.3.rel1-x86_64-arm-none-eabi/bin/../lib/gcc/arm-none-eabi/14.3.1/../../../../arm-none-eabi/lib/crt0.o
__lock___arc4random_mutex                         /usr/lib/gcc/arm-gnu-toolchain-14.3.rel1-x86_64-arm-none-eabi/bin/../lib/gcc/arm-none-eabi/14.3.1/../../../../arm-none-eabi/lib/libg_nano.a(libc_a-lock.o)
__lock___at_quick_exit_mutex                      /usr/lib/gcc/arm-gnu-toolchain-14.3.rel1-x86_64-arm-none-eabi/bin/../lib/gcc/arm-none-eabi/14.3.1/../../../../arm-none-eabi/lib/libg_nano.a(libc_a-lock.o)
__lock___atexit_recursive_mutex                   /usr/lib/gcc/arm-gnu-toolchain-14.3.rel1-x86_64-arm-none-eabi/bin/../lib/gcc/arm-none-eabi/14.3.1/../../../../arm-none-eabi/lib/libg_nano.a(libc_a-lock.o)
__lock___dd_hash_mutex                            /usr/lib/gcc/arm-gnu-toolchain-14.3.rel1-x86_64-arm-none-eabi/bin/../lib/gcc/arm-none-eabi/14.3.1/../../../../arm-none-eabi/lib/libg_nano.a(libc_a-lock.o)
__lock___env_recursive_mutex                      /usr/lib/gcc/arm-gnu-toolchain-14.3.rel1-x86_64-arm-none-eabi/bin/../lib/gcc/arm-none-eabi/14.3.1/../../../../arm-none-eabi/lib/libg_nano.a(libc_a-lock.o)
__lock___malloc_recursive_mutex                   /usr/lib/gcc/arm-gnu-toolchain-14.3.rel1-x86_64-arm-none-eabi/bin/../lib/gcc/arm-none-eabi/14.3.1/../../../../arm-none-eabi/lib/libg_nano.a(libc_a-lock.o)
__lock___sfp_recursive_mutex                      /usr/lib/gcc/arm-gnu-toolchain-14.3.rel1-x86_64-arm-none-eabi/bin/../lib/gcc/arm-none-eabi/14.3.1/../../../../arm-none-eabi/lib/libg_nano.a(libc_a-lock.o)
                                                  /usr/lib/gcc/arm-gnu-toolchain-14.3.rel1-x86_64-arm-none-eabi/bin/../lib/gcc/arm-none-eabi/14.3.1/../../../../arm-none-eabi/lib/libg_nano.a(libc_a-findfp.o)
__lock___tz_mutex                                 /usr/lib/gcc/arm-gnu-toolchain-14.3.rel1-x86_64-arm-none-eabi/bin/../lib/gcc/arm-none-eabi/14.3.1/../../../../arm-none-eabi/lib/libg_nano.a(libc_a-lock.o)
__malloc_free_list                                /usr/lib/gcc/arm-gnu-toolchain-14.3.rel1-x86_64-arm-none-eabi/bin/../lib/gcc/arm-none-eabi/14.3.1/../../../../arm-none-eabi/lib/libg_nano.a(libc_a-mallocr.o)
                                                  /usr/lib/gcc/arm-gnu-toolchain-14.3.rel1-x86_64-arm-none-eabi/bin/../lib/gcc/arm-none-eabi/14.3.1/../../../../arm-none-eabi/lib/libg_nano.a(libc_a-freer.o)
__malloc_lock                                     bin/newlib_syscalls.o
                                                  /usr/lib/gcc/arm-gnu-toolchain-14.3.rel1-x86_64-arm-none-eabi/bin/../lib/gcc/arm-none-eabi/14.3.1/../../../../arm-none-eabi/lib/libg_nano.a(libc_a-mallocr.o)
                                                  /usr/lib/gcc/arm-gnu-toolchain-14.3.rel1-x86_64-arm-none-eabi/bin/../lib/gcc/arm-none-eabi/14.3.1/../../../../arm-none-eabi/lib/libg_nano.a(libc_a-freer.o)
__malloc_sbrk_start                               /usr/lib/gcc/arm-gnu-toolchain-14.3.rel1-x86_64-arm-none-eabi/bin/../lib/gcc/arm-none-eabi/14.3.1/../../../../arm-none-eabi/lib/libg_nano.a(libc_a-mallocr.o)
__malloc_unlock                                   bin/newlib_syscalls.o
                                                  /usr/lib/gcc/arm-gnu-toolchain-14.3.rel1-x86_64-arm-none-eabi/bin/../lib/gcc/arm-none-eabi/14.3.1/../../../../arm-none-eabi/lib/libg_nano.a(libc_a-mallocr.o)
                                                  /usr/lib/gcc/arm-gnu-toolchain-14.3.rel1-x86_64-arm-none-eabi/bin/../lib/gcc/arm-none-eabi/14.3.1/../../../../arm-none-eabi/lib/libg_nano.a(libc_a-freer.o)
__preinit_array_end                               /usr/lib/gcc/arm-gnu-toolchain-14.3.rel1-x86_64-arm-none-eabi/bin/../lib/gcc/arm-none-eabi/14.3.1/../../../../arm-none-eabi/lib/libg_nano.a(libc_a-init.o)
__preinit_array_start                             /usr/lib/gcc/arm-gnu-toolchain-14.3.rel1-x86_64-arm-none-eabi/bin/../lib/gcc/arm-none-eabi/14.3.1/../../../../arm-none-eabi/lib/libg_nano.a(libc_a-init.o)
__register_frame_info                             /usr/lib/gcc/arm-gnu-toolchain-14.3.rel1-x86_64-arm-none-eabi/bin/../lib/gcc/arm-none-eabi/14.3.1/crtbegin.o
__retarget_lock_acquire                           /usr/lib/gcc/arm-gnu-toolchain-14.3.rel1-x86_64-arm-none-eabi/bin/../lib/gcc/arm-none-eabi/14.3.1/../../../../arm-none-eabi/lib/libg_nano.a(libc_a-lock.o)
__retarget_lock_acquire_recursive                 /usr/lib/gcc/arm-gnu-toolchain-14.3.rel1-x86_64-arm-none-eabi/bin/../lib/gcc/arm-none-eabi/14.3.1/../../../../arm-none-eabi/lib/libg_nano.a(libc_a-lock.o)
                                                  /usr/lib/gcc/arm-gnu-toolchain-14.3.rel1-x86_64-arm-none-eabi/bin/../lib/gcc/arm-none-eabi/14.3.1/../../../../arm-none-eabi/lib/libg_nano.a(libc_a-fflush.o)
                                                  /usr/lib/gcc/arm-gnu-toolchain-14.3.rel1-x86_64-arm-none-eabi/bin/../lib/gcc/arm-none-eabi/14.3.1/../../../../arm-none-eabi/lib/libg_nano.a(libc_a-setvbuf.o)
                                                  /usr/lib/gcc/arm-gnu-toolchain-14.3.rel1-x86_64-arm-none-eabi/bin/../lib/gcc/arm-none-eabi/14.3.1/../../../../arm-none-eabi/lib/libg_nano.a(libc_a-findfp.o)
__retarget_lock_close                             /usr/lib/gcc/arm-gnu-toolchain-14.3.rel1-x86_64-arm-none-eabi/bin/../lib/gcc/arm-none-eabi/14.3.1/../../../../arm-none-eabi/lib/libg_nano.a(libc_a-lock.o)
__retarget_lock_close_recursive                   /usr/lib/gcc/arm-gnu-toolchain-14.3.rel1-x86_64-arm-none-eabi/bin/../lib/gcc/arm-none-eabi/14.3.1/../../../../arm-none-eabi/lib/libg_nano.a(libc_a-lock.o)
__retarget_lock_init                              /usr/lib/gcc/arm-gnu-toolchain-14.3.rel1-x86_64-arm-none-eabi/bin/../lib/gcc/arm-none-eabi/14.3.1/../../../../arm-none-eabi/lib/libg_nano.a(libc_a-lock.o)
__retarget_lock_init_recursive                    /usr/lib/gcc/arm-gnu-toolchain-14.3.rel1-x86_64-arm-none-eabi/bin/../lib/gcc/arm-none-eabi/14.3.1/../../../../arm-none-eabi/lib/libg_nano.a(libc_a-lock.o)
                                                  /usr/lib/gcc/arm-gnu-toolchain-14.3.rel1-x86_64-arm-none-eabi/bin/../lib/gcc/arm-none-eabi/14.3.1/../../../../arm-none-eabi/lib/libg_nano.a(libc_a-findfp.o)
__retarget_lock_release                           /usr/lib/gcc/arm-gnu-toolchain-14.3.rel1-x86_64-arm-none-eabi/bin/../lib/gcc/arm-none-eabi/14.3.1/../../../../arm-none-eabi/lib/libg_nano.a(libc_a-lock.o)
__retarget_lock_release_recursive                 /usr/lib/gcc/arm-gnu-toolchain-14.3.rel1-x86_64-arm-none-eabi/bin/../lib/gcc/arm-none-eabi/14.3.1/../../../../arm-none-eabi/lib/libg_nano.a(libc_a-lock.o)
                                                  /usr/lib/gcc/arm-gnu-toolchain-14.3.rel1-x86_64-arm-none-eabi/bin/../lib/gcc/arm-none-eabi/14.3.1/../../../../arm-none-eabi/lib/libg_nano.a(libc_a-fflush.o)
                                                  /usr/lib/gcc/arm-gnu-toolchain-14.3.rel1-x86_64-arm-none-eabi/bin/../lib/gcc/arm-none-eabi/14.3.1/../../../../arm-none-eabi/lib/libg_nano.a(libc_a-setvbuf.o)
                                                  /usr/lib/gcc/arm-gnu-toolchain-14.3.rel1-x86_64-arm-none-eabi/bin/../lib/gcc/arm-none-eabi/14.3.1/../../../../arm-none-eabi/lib/libg_nano.a(libc_a-findfp.o)
__retarget_lock_try_acquire                       /usr/lib/gcc/arm-gnu-toolchain-14.3.rel1-x86_64-arm-none-eabi/bin/../lib/gcc/arm-none-eabi/14.3.1/../../../../arm-none-eabi/lib/libg_nano.a(libc_a-lock.o)
__retarget_lock_try_acquire_recursive             /usr/lib/gcc/arm-gnu-toolchain-14.3.rel1-x86_64-arm-none-eabi/bin/../lib/gcc/arm-none-eabi/14.3.1/../../../../arm-none-eabi/lib/libg_nano.a(libc_a-lock.o)
__sclose                                          /usr/lib/gcc/arm-gnu-toolchain-14.3.rel1-x86_64-arm-none-eabi/bin/../lib/gcc/arm-none-eabi/14.3.1/../../../../arm-none-eabi/lib/libg_nano.a(libc_a-stdio.o)
                                                  /usr/lib/gcc/arm-gnu-toolchain-14.3.rel1-x86_64-arm-none-eabi/bin/../lib/gcc/arm-none-eabi/14.3.1/../../../../arm-none-eabi/lib/libg_nano.a(libc_a-findfp.o)
__seofread                                        /usr/lib/gcc/arm-gnu-toolchain-14.3.rel1-x86_64-arm-none-eabi/bin/../lib/gcc/arm-none-eabi/14.3.1/../../../../arm-none-eabi/lib/libg_nano.a(libc_a-stdio.o)
__sf                                              /usr/lib/gcc/arm-gnu-toolchain-14.3.rel1-x86_64-arm-none-eabi/bin/../lib/gcc/arm-none-eabi/14.3.1/../../../../arm-none-eabi/lib/libg_nano.a(libc_a-findfp.o)
                                                  /usr/lib/gcc/arm-gnu-toolchain-14.3.rel1-x86_64-arm-none-eabi/bin/../lib/gcc/arm-none-eabi/14.3.1/../../../../arm-none-eabi/lib/libg_nano.a(libc_a-impure.o)
__sflush_r                                        /usr/lib/gcc/arm-gnu-toolchain-14.3.rel1-x86_64-arm-none-eabi/bin/../lib/gcc/arm-none-eabi/14.3.1/../../../../arm-none-eabi/lib/libg_nano.a(libc_a-fflush.o)
__sfp                                             /usr/lib/gcc/arm-gnu-toolchain-14.3.rel1-x86_64-arm-none-eabi/bin/../lib/gcc/arm-none-eabi/14.3.1/../../../../arm-none-eabi/lib/libg_nano.a(libc_a-findfp.o)
__sfp_lock_acquire                                /usr/lib/gcc/arm-gnu-toolchain-14.3.rel1-x86_64-arm-none-eabi/bin/../lib/gcc/arm-none-eabi/14.3.1/../../../../arm-none-eabi/lib/libg_nano.a(libc_a-findfp.o)
__sfp_lock_release                                /usr/lib/gcc/arm-gnu-toolchain-14.3.rel1-x86_64-arm-none-eabi/bin/../lib/gcc/arm-none-eabi/14.3.1/../../../../arm-none-eabi/lib/libg_nano.a(libc_a-findfp.o)
__sglue                                           /usr/lib/gcc/arm-gnu-toolchain-14.3.rel1-x86_64-arm-none-eabi/bin/../lib/gcc/arm-none-eabi/14.3.1/../../../../arm-none-eabi/lib/libg_nano.a(libc_a-findfp.o)
                                                  /usr/lib/gcc/arm-gnu-toolchain-14.3.rel1-x86_64-arm-none-eabi/bin/../lib/gcc/arm-none-eabi/14.3.1/../../../../arm-none-eabi/lib/libg_nano.a(libc_a-fflush.o)
__sigtramp                                        /usr/lib/gcc/arm-gnu-toolchain-14.3.rel1-x86_64-arm-none-eabi/bin/../lib/gcc/arm-none-eabi/14.3.1/../../../../arm-none-eabi/lib/libg_nano.a(libc_a-signal.o)
__sigtramp_r                                      /usr/lib/gcc/arm-gnu-toolchain-14.3.rel1-x86_64-arm-none-eabi/bin/../lib/gcc/arm-none-eabi/14.3.1/../../../../arm-none-eabi/lib/libg_nano.a(libc_a-signal.o)
__sinit                                           /usr/lib/gcc/arm-gnu-toolchain-14.3.rel1-x86_64-arm-none-eabi/bin/../lib/gcc/arm-none-eabi/14.3.1/../../../../arm-none-eabi/lib/libg_nano.a(libc_a-findfp.o)
                                                  /usr/lib/gcc/arm-gnu-toolchain-14.3.rel1-x86_64-arm-none-eabi/bin/../lib/gcc/arm-none-eabi/14.3.1/../../../../arm-none-eabi/lib/libg_nano.a(libc_a-fflush.o)
                                                  /usr/lib/gcc/arm-gnu-toolchain-14.3.rel1-x86_64-arm-none-eabi/bin/../lib/gcc/arm-none-eabi/14.3.1/../../../../arm-none-eabi/lib/libg_nano.a(libc_a-setvbuf.o)
__smakebuf_r                                      /usr/lib/gcc/arm-gnu-toolchain-14.3.rel1-x86_64-arm-none-eabi/bin/../lib/gcc/arm-none-eabi/14.3.1/../../../../arm-none-eabi/lib/libg_nano.a(libc_a-makebuf.o)
__sread                                           /usr/lib/gcc/arm-gnu-toolchain-14.3.rel1-x86_64-arm-none-eabi/bin/../lib/gcc/arm-none-eabi/14.3.1/../../../../arm-none-eabi/lib/libg_nano.a(libc_a-stdio.o)
                                                  /usr/lib/gcc/arm-gnu-toolchain-14.3.rel1-x86_64-arm-none-eabi/bin/../lib/gcc/arm-none-eabi/14.3.1/../../../../arm-none-eabi/lib/libg_nano.a(libc_a-findfp.o)
__sseek                                           /usr/lib/gcc/arm-gnu-toolchain-14.3.rel1-x86_64-arm-none-eabi/bin/../lib/gcc/arm-none-eabi/14.3.1/../../../../arm-none-eabi/lib/libg_nano.a(libc_a-stdio.o)
                                                  /usr/lib/gcc/arm-gnu-toolchain-14.3.rel1-x86_64-arm-none-eabi/bin/../lib/gcc/arm-none-eabi/14.3.1/../../../../arm-none-eabi/lib/libg_nano.a(libc_a-findfp.o)
__stack                                           /usr/lib/gcc/arm-gnu-toolchain-14.3.rel1-x86_64-arm-none-eabi/bin/../lib/gcc/arm-none-eabi/14.3.1/../../../../arm-none-eabi/lib/crt0.o
__stack_end__                                     bin/startup.o
__stack_start__                                   bin/main.o
                                                  bin/startup.o
__stdio_exit_handler                              /usr/lib/gcc/arm-gnu-toolchain-14.3.rel1-x86_64-arm-none-eabi/bin/../lib/gcc/arm-none-eabi/14.3.1/../../../../arm-none-eabi/lib/libg_nano.a(libc_a-findfp.o)
                                                  /usr/lib/gcc/arm-gnu-toolchain-14.3.rel1-x86_64-arm-none-eabi/bin/../lib/gcc/arm-none-eabi/14.3.1/../../../../arm-none-eabi/lib/libg_nano.a(libc_a-exit.o)
__swhatbuf_r                                      /usr/lib/gcc/arm-gnu-toolchain-14.3.rel1-x86_64-arm-none-eabi/bin/../lib/gcc/arm-none-eabi/14.3.1/../../../../arm-none-eabi/lib/libg_nano.a(libc_a-makebuf.o)
                                                  /usr/lib/gcc/arm-gnu-toolchain-14.3.rel1-x86_64-arm-none-eabi/bin/../lib/gcc/arm-none-eabi/14.3.1/../../../../arm-none-eabi/lib/libg_nano.a(libc_a-setvbuf.o)
__swrite                                          /usr/lib/gcc/arm-gnu-toolchain-14.3.rel1-x86_64-arm-none-eabi/bin/../lib/gcc/arm-none-eabi/14.3.1/../../../../arm-none-eabi/lib/libg_nano.a(libc_a-stdio.o)
                                                  /usr/lib/gcc/arm-gnu-toolchain-14.3.rel1-x86_64-arm-none-eabi/bin/../lib/gcc/arm-none-eabi/14.3.1/../../../../arm-none-eabi/lib/libg_nano.a(libc_a-findfp.o)
__udivsi3                                         /usr/lib/gcc/arm-gnu-toolchain-14.3.rel1-x86_64-arm-none-eabi/bin/../lib/gcc/arm-none-eabi/14.3.1/libgcc.a(_udivsi3.o)
_close_r                                          bin/newlib_syscalls.o
                                                  /usr/lib/gcc/arm-gnu-toolchain-14.3.rel1-x86_64-arm-none-eabi/bin/../lib/gcc/arm-none-eabi/14.3.1/../../../../arm-none-eabi/lib/libg_nano.a(libc_a-stdio.o)
_execve_r                                         bin/newlib_syscalls.o
_exit                                             bin/main.o
                                                  /usr/lib/gcc/arm-gnu-toolchain-14.3.rel1-x86_64-arm-none-eabi/bin/../lib/gcc/arm-none-eabi/14.3.1/../../../../arm-none-eabi/lib/libg_nano.a(libc_a-exit.o)
                                                  /usr/lib/gcc/arm-gnu-toolchain-14.3.rel1-x86_64-arm-none-eabi/bin/../lib/gcc/arm-none-eabi/14.3.1/../../../../arm-none-eabi/lib/libg_nano.a(libc_a-abort.o)
                                                  bin/startup.o
_fflush_r                                         /usr/lib/gcc/arm-gnu-toolchain-14.3.rel1-x86_64-arm-none-eabi/bin/../lib/gcc/arm-none-eabi/14.3.1/../../../../arm-none-eabi/lib/libg_nano.a(libc_a-fflush.o)
                                                  /usr/lib/gcc/arm-gnu-toolchain-14.3.rel1-x86_64-arm-none-eabi/bin/../lib/gcc/arm-none-eabi/14.3.1/../../../../arm-none-eabi/lib/libg_nano.a(libc_a-setvbuf.o)
                                                  /usr/lib/gcc/arm-gnu-toolchain-14.3.rel1-x86_64-arm-none-eabi/bin/../lib/gcc/arm-none-eabi/14.3.1/../../../../arm-none-eabi/lib/libg_nano.a(libc_a-findfp.o)
_fini                                             /usr/lib/gcc/arm-gnu-toolchain-14.3.rel1-x86_64-arm-none-eabi/bin/../lib/gcc/arm-none-eabi/14.3.1/crti.o
_fork_r                                           bin/newlib_syscalls.o
_free_r                                           /usr/lib/gcc/arm-gnu-toolchain-14.3.rel1-x86_64-arm-none-eabi/bin/../lib/gcc/arm-none-eabi/14.3.1/../../../../arm-none-eabi/lib/libg_nano.a(libc_a-freer.o)
                                                  /usr/lib/gcc/arm-gnu-toolchain-14.3.rel1-x86_64-arm-none-eabi/bin/../lib/gcc/arm-none-eabi/14.3.1/../../../../arm-none-eabi/lib/libg_nano.a(libc_a-fflush.o)
                                                  /usr/lib/gcc/arm-gnu-toolchain-14.3.rel1-x86_64-arm-none-eabi/bin/../lib/gcc/arm-none-eabi/14.3.1/../../../../arm-none-eabi/lib/libg_nano.a(libc_a-malloc.o)
                                                  /usr/lib/gcc/arm-gnu-toolchain-14.3.rel1-x86_64-arm-none-eabi/bin/../lib/gcc/arm-none-eabi/14.3.1/../../../../arm-none-eabi/lib/libg_nano.a(libc_a-setvbuf.o)
_fstat_r                                          bin/newlib_syscalls.o
                                                  /usr/lib/gcc/arm-gnu-toolchain-14.3.rel1-x86_64-arm-none-eabi/bin/../lib/gcc/arm-none-eabi/14.3.1/../../../../arm-none-eabi/lib/libg_nano.a(libc_a-makebuf.o)
_fwalk_sglue                                      /usr/lib/gcc/arm-gnu-toolchain-14.3.rel1-x86_64-arm-none-eabi/bin/../lib/gcc/arm-none-eabi/14.3.1/../../../../arm-none-eabi/lib/libg_nano.a(libc_a-fwalk.o)
                                                  /usr/lib/gcc/arm-gnu-toolchain-14.3.rel1-x86_64-arm-none-eabi/bin/../lib/gcc/arm-none-eabi/14.3.1/../../../../arm-none-eabi/lib/libg_nano.a(libc_a-fflush.o)
                                                  /usr/lib/gcc/arm-gnu-toolchain-14.3.rel1-x86_64-arm-none-eabi/bin/../lib/gcc/arm-none-eabi/14.3.1/../../../../arm-none-eabi/lib/libg_nano.a(libc_a-findfp.o)
_getpid_r                                         bin/newlib_syscalls.o
                                                  /usr/lib/gcc/arm-gnu-toolchain-14.3.rel1-x86_64-arm-none-eabi/bin/../lib/gcc/arm-none-eabi/14.3.1/../../../../arm-none-eabi/lib/libg_nano.a(libc_a-signal.o)
_impure_data                                      /usr/lib/gcc/arm-gnu-toolchain-14.3.rel1-x86_64-arm-none-eabi/bin/../lib/gcc/arm-none-eabi/14.3.1/../../../../arm-none-eabi/lib/libg_nano.a(libc_a-impure.o)
                                                  /usr/lib/gcc/arm-gnu-toolchain-14.3.rel1-x86_64-arm-none-eabi/bin/../lib/gcc/arm-none-eabi/14.3.1/../../../../arm-none-eabi/lib/libg_nano.a(libc_a-fflush.o)
                                                  /usr/lib/gcc/arm-gnu-toolchain-14.3.rel1-x86_64-arm-none-eabi/bin/../lib/gcc/arm-none-eabi/14.3.1/../../../../arm-none-eabi/lib/libg_nano.a(libc_a-findfp.o)
_impure_ptr                                       /usr/lib/gcc/arm-gnu-toolchain-14.3.rel1-x86_64-arm-none-eabi/bin/../lib/gcc/arm-none-eabi/14.3.1/../../../../arm-none-eabi/lib/libg_nano.a(libc_a-impure.o)
                                                  /usr/lib/gcc/arm-gnu-toolchain-14.3.rel1-x86_64-arm-none-eabi/bin/../lib/gcc/arm-none-eabi/14.3.1/../../../../arm-none-eabi/lib/libg_nano.a(libc_a-fflush.o)
                                                  /usr/lib/gcc/arm-gnu-toolchain-14.3.rel1-x86_64-arm-none-eabi/bin/../lib/gcc/arm-none-eabi/14.3.1/../../../../arm-none-eabi/lib/libg_nano.a(libc_a-malloc.o)
                                                  /usr/lib/gcc/arm-gnu-toolchain-14.3.rel1-x86_64-arm-none-eabi/bin/../lib/gcc/arm-none-eabi/14.3.1/../../../../arm-none-eabi/lib/libg_nano.a(libc_a-syswrite.o)
                                                  /usr/lib/gcc/arm-gnu-toolchain-14.3.rel1-x86_64-arm-none-eabi/bin/../lib/gcc/arm-none-eabi/14.3.1/../../../../arm-none-eabi/lib/libg_nano.a(libc_a-signal.o)
                                                  /usr/lib/gcc/arm-gnu-toolchain-14.3.rel1-x86_64-arm-none-eabi/bin/../lib/gcc/arm-none-eabi/14.3.1/../../../../arm-none-eabi/lib/libg_nano.a(libc_a-setvbuf.o)
                                                  bin/main.o
_init                                             /usr/lib/gcc/arm-gnu-toolchain-14.3.rel1-x86_64-arm-none-eabi/bin/../lib/gcc/arm-none-eabi/14.3.1/crti.o
                                                  /usr/lib/gcc/arm-gnu-toolchain-14.3.rel1-x86_64-arm-none-eabi/bin/../lib/gcc/arm-none-eabi/14.3.1/../../../../arm-none-eabi/lib/libg_nano.a(libc_a-init.o)
_init_signal                                      /usr/lib/gcc/arm-gnu-toolchain-14.3.rel1-x86_64-arm-none-eabi/bin/../lib/gcc/arm-none-eabi/14.3.1/../../../../arm-none-eabi/lib/libg_nano.a(libc_a-signal.o)
_init_signal_r                                    /usr/lib/gcc/arm-gnu-toolchain-14.3.rel1-x86_64-arm-none-eabi/bin/../lib/gcc/arm-none-eabi/14.3.1/../../../../arm-none-eabi/lib/libg_nano.a(libc_a-signal.o)
_isatty_r                                         bin/newlib_syscalls.o
                                                  /usr/lib/gcc/arm-gnu-toolchain-14.3.rel1-x86_64-arm-none-eabi/bin/../lib/gcc/arm-none-eabi/14.3.1/../../../../arm-none-eabi/lib/libg_nano.a(libc_a-makebuf.o)
_kill_r                                           bin/newlib_syscalls.o
                                                  /usr/lib/gcc/arm-gnu-toolchain-14.3.rel1-x86_64-arm-none-eabi/bin/../lib/gcc/arm-none-eabi/14.3.1/../../../../arm-none-eabi/lib/libg_nano.a(libc_a-signal.o)
_lseek_r                                          bin/newlib_syscalls.o
                                                  /usr/lib/gcc/arm-gnu-toolchain-14.3.rel1-x86_64-arm-none-eabi/bin/../lib/gcc/arm-none-eabi/14.3.1/../../../../arm-none-eabi/lib/libg_nano.a(libc_a-stdio.o)
_mainCRTStartup                                   /usr/lib/gcc/arm-gnu-toolchain-14.3.rel1-x86_64-arm-none-eabi/bin/../lib/gcc/arm-none-eabi/14.3.1/../../../../arm-none-eabi/lib/crt0.o
_malloc_r                                         /usr/lib/gcc/arm-gnu-toolchain-14.3.rel1-x86_64-arm-none-eabi/bin/../lib/gcc/arm-none-eabi/14.3.1/../../../../arm-none-eabi/lib/libg_nano.a(libc_a-mallocr.o)
                                                  /usr/lib/gcc/arm-gnu-toolchain-14.3.rel1-x86_64-arm-none-eabi/bin/../lib/gcc/arm-none-eabi/14.3.1/../../../../arm-none-eabi/lib/libg_nano.a(libc_a-makebuf.o)
                                                  /usr/lib/gcc/arm-gnu-toolchain-14.3.rel1-x86_64-arm-none-eabi/bin/../lib/gcc/arm-none-eabi/14.3.1/../../../../arm-none-eabi/lib/libg_nano.a(libc_a-malloc.o)
                                                  /usr/lib/gcc/arm-gnu-toolchain-14.3.rel1-x86_64-arm-none-eabi/bin/../lib/gcc/arm-none-eabi/14.3.1/../../../../arm-none-eabi/lib/libg_nano.a(libc_a-signal.o)
                                                  /usr/lib/gcc/arm-gnu-toolchain-14.3.rel1-x86_64-arm-none-eabi/bin/../lib/gcc/arm-none-eabi/14.3.1/../../../../arm-none-eabi/lib/libg_nano.a(libc_a-findfp.o)
_open_r                                           bin/newlib_syscalls.o
_raise_r                                          /usr/lib/gcc/arm-gnu-toolchain-14.3.rel1-x86_64-arm-none-eabi/bin/../lib/gcc/arm-none-eabi/14.3.1/../../../../arm-none-eabi/lib/libg_nano.a(libc_a-signal.o)
_read_r                                           bin/newlib_syscalls.o
                                                  /usr/lib/gcc/arm-gnu-toolchain-14.3.rel1-x86_64-arm-none-eabi/bin/../lib/gcc/arm-none-eabi/14.3.1/../../../../arm-none-eabi/lib/libg_nano.a(libc_a-stdio.o)
_reset                                            bin/startup.o
_sbrk_r                                           bin/newlib_syscalls.o
                                                  /usr/lib/gcc/arm-gnu-toolchain-14.3.rel1-x86_64-arm-none-eabi/bin/../lib/gcc/arm-none-eabi/14.3.1/../../../../arm-none-eabi/lib/libg_nano.a(libc_a-mallocr.o)
_signal_r                                         /usr/lib/gcc/arm-gnu-toolchain-14.3.rel1-x86_64-arm-none-eabi/bin/../lib/gcc/arm-none-eabi/14.3.1/../../../../arm-none-eabi/lib/libg_nano.a(libc_a-signal.o)
_stack_init                                       /usr/lib/gcc/arm-gnu-toolchain-14.3.rel1-x86_64-arm-none-eabi/bin/../lib/gcc/arm-none-eabi/14.3.1/../../../../arm-none-eabi/lib/crt0.o
_start                                            /usr/lib/gcc/arm-gnu-toolchain-14.3.rel1-x86_64-arm-none-eabi/bin/../lib/gcc/arm-none-eabi/14.3.1/../../../../arm-none-eabi/lib/crt0.o
_wait_r                                           bin/newlib_syscalls.o
_write_r                                          bin/newlib_syscalls.o
                                                  /usr/lib/gcc/arm-gnu-toolchain-14.3.rel1-x86_64-arm-none-eabi/bin/../lib/gcc/arm-none-eabi/14.3.1/../../../../arm-none-eabi/lib/libg_nano.a(libc_a-syswrite.o)
                                                  /usr/lib/gcc/arm-gnu-toolchain-14.3.rel1-x86_64-arm-none-eabi/bin/../lib/gcc/arm-none-eabi/14.3.1/../../../../arm-none-eabi/lib/libg_nano.a(libc_a-stdio.o)
abort                                             /usr/lib/gcc/arm-gnu-toolchain-14.3.rel1-x86_64-arm-none-eabi/bin/../lib/gcc/arm-none-eabi/14.3.1/../../../../arm-none-eabi/lib/libg_nano.a(libc_a-abort.o)
                                                  bin/newlib_syscalls.o
aic                                               bin/aic.o
aic_clear                                         bin/aic.o
                                                  bin/twi.o
                                                  bin/nxt_spi.o
aic_init                                          bin/aic.o
                                                  bin/main.o
aic_intMax                                        bin/aic.o
                                                  bin/isr.o
aic_intNest                                       bin/aic.o
                                                  bin/isr.o
aic_mask_off                                      bin/aic.o
                                                  bin/twi.o
                                                  bin/nxt_spi.o
aic_mask_on                                       bin/aic.o
                                                  bin/twi.o
                                                  bin/nxt_spi.o
aic_set_fiq                                       bin/aic.o
aic_set_vector                                    bin/aic.o
                                                  bin/twi.o
                                                  bin/nxt_spi.o
                                                  bin/main.o
aic_sys_init                                      bin/aic.o
                                                  bin/systick.o
aic_sys_isr_entry                                 bin/aic.o
aic_sys_register_commxx                           bin/aic.o
aic_sys_register_pit                              bin/aic.o
                                                  bin/udmon3.o
                                                  bin/nxt_avr.o
                                                  bin/systick.o
atexit                                            /usr/lib/gcc/arm-gnu-toolchain-14.3.rel1-x86_64-arm-none-eabi/bin/../lib/gcc/arm-none-eabi/14.3.1/../../../../arm-none-eabi/lib/crt0.o
avr                                               bin/nxt_avr.o
avr_brainwash_string                              bin/nxt_avr.o
byte_fifo_cb_putsize                              bin/byte_fifo_cb.o
                                                  bin/term.o
data                                              bin/nxt_spi.o
default_fiq                                       bin/aic.o
default_isr                                       bin/aic.o
dirty                                             bin/nxt_spi.o
display                                           bin/nxt_spi.o
display_bitmap_copy                               bin/display.o
display_char                                      bin/display.o
display_clear                                     bin/display.o
                                                  bin/main.o
display_get_buffer                                bin/display.o
                                                  bin/udmon3.o
display_goto_xy                                   bin/display.o
display_hex                                       bin/display.o
display_init                                      bin/display.o
                                                  bin/main.o
display_int                                       bin/display.o
display_string                                    bin/display.o
display_test                                      bin/display.o
display_unsigned                                  bin/display.o
display_update                                    bin/display.o
                                                  bin/main.o
display_x                                         bin/display.o
display_y                                         bin/display.o
exit                                              /usr/lib/gcc/arm-gnu-toolchain-14.3.rel1-x86_64-arm-none-eabi/bin/../lib/gcc/arm-none-eabi/14.3.1/../../../../arm-none-eabi/lib/libg_nano.a(libc_a-exit.o)
                                                  /usr/lib/gcc/arm-gnu-toolchain-14.3.rel1-x86_64-arm-none-eabi/bin/../lib/gcc/arm-none-eabi/14.3.1/../../../../arm-none-eabi/lib/crt0.o
fflush                                            /usr/lib/gcc/arm-gnu-toolchain-14.3.rel1-x86_64-arm-none-eabi/bin/../lib/gcc/arm-none-eabi/14.3.1/../../../../arm-none-eabi/lib/libg_nano.a(libc_a-fflush.o)
fifo_rx                                           bin/term.o
fifo_tx                                           bin/term.o
fiq_enable                                        bin/isr.o
fiq_get_and_disable                               bin/isr.o
free                                              /usr/lib/gcc/arm-gnu-toolchain-14.3.rel1-x86_64-arm-none-eabi/bin/../lib/gcc/arm-none-eabi/14.3.1/../../../../arm-none-eabi/lib/libg_nano.a(libc_a-malloc.o)
gpio_isr_entry                                    bin/main.o
hardware_init_hook                                /usr/lib/gcc/arm-gnu-toolchain-14.3.rel1-x86_64-arm-none-eabi/bin/../lib/gcc/arm-none-eabi/14.3.1/../../../../arm-none-eabi/lib/crt0.o
hex2string                                        bin/helper.o
                                                  bin/display.o
                                                  bin/term.o
interrupts_enable                                 bin/isr.o
                                                  bin/twi.o
                                                  bin/nxt_spi.o
                                                  bin/aic.o
                                                  bin/main.o
interrupts_get_and_disable                        bin/isr.o
                                                  bin/twi.o
                                                  bin/nxt_spi.o
                                                  bin/aic.o
isr_dAbort                                        bin/isr.o
                                                  bin/aic.o
isr_fiq                                           bin/isr.o
                                                  bin/aic.o
isr_irq                                           bin/isr.o
                                                  bin/aic.o
isr_pAbort                                        bin/isr.o
                                                  bin/aic.o
isr_swi                                           bin/isr.o
                                                  bin/aic.o
isr_undef                                         bin/isr.o
                                                  bin/aic.o
ivt_app                                           bin/startup.o
                                                  bin/aic.o
                                                  bin/low_level_init.o
ivt_boot                                          bin/startup.o
low_level_init                                    bin/low_level_init.o
                                                  bin/startup.o
main                                              bin/main.o
                                                  bin/startup.o
                                                  /usr/lib/gcc/arm-gnu-toolchain-14.3.rel1-x86_64-arm-none-eabi/bin/../lib/gcc/arm-none-eabi/14.3.1/../../../../arm-none-eabi/lib/crt0.o
main_data                                         bin/main.o
malloc                                            /usr/lib/gcc/arm-gnu-toolchain-14.3.rel1-x86_64-arm-none-eabi/bin/../lib/gcc/arm-none-eabi/14.3.1/../../../../arm-none-eabi/lib/libg_nano.a(libc_a-malloc.o)
                                                  /usr/lib/gcc/arm-gnu-toolchain-14.3.rel1-x86_64-arm-none-eabi/bin/../lib/gcc/arm-none-eabi/14.3.1/../../../../arm-none-eabi/lib/libg_nano.a(libc_a-setvbuf.o)
memcpy                                            bin/newlib_syscalls.o
                                                  bin/nxt_avr.o
                                                  bin/byte_fifo_cb.o
memset                                            /usr/lib/gcc/arm-gnu-toolchain-14.3.rel1-x86_64-arm-none-eabi/bin/../lib/gcc/arm-none-eabi/14.3.1/../../../../arm-none-eabi/lib/libg_nano.a(libc_a-memset.o)
                                                  /usr/lib/gcc/arm-gnu-toolchain-14.3.rel1-x86_64-arm-none-eabi/bin/../lib/gcc/arm-none-eabi/14.3.1/../../../../arm-none-eabi/lib/libg_nano.a(libc_a-findfp.o)
                                                  bin/nxt_avr.o
                                                  bin/display.o
                                                  /usr/lib/gcc/arm-gnu-toolchain-14.3.rel1-x86_64-arm-none-eabi/bin/../lib/gcc/arm-none-eabi/14.3.1/../../../../arm-none-eabi/lib/crt0.o
mode                                              bin/nxt_spi.o
motor_data                                        bin/main.o
motor_get                                         bin/main.o
motor_init                                        bin/main.o
motor_process                                     bin/main.o
nxt_avr_firmware_update_enter                     bin/nxt_avr.o
nxt_avr_get_avr_version                           bin/nxt_avr.o
nxt_avr_get_battery_mv                            bin/nxt_avr.o
nxt_avr_get_battery_raw                           bin/nxt_avr.o
                                                  bin/main.o
nxt_avr_get_battery_type                          bin/nxt_avr.o
nxt_avr_get_buttons                               bin/nxt_avr.o
                                                  bin/main.o
nxt_avr_get_sensor_adc_raw                        bin/nxt_avr.o
nxt_avr_init                                      bin/nxt_avr.o
                                                  bin/main.o
nxt_avr_power_down                                bin/nxt_avr.o
nxt_avr_set_motor                                 bin/nxt_avr.o
                                                  bin/main.o
nxt_avr_set_sensor_power                          bin/nxt_avr.o
nxt_lcd_command                                   bin/nxt_lcd.o
nxt_lcd_enable                                    bin/nxt_lcd.o
nxt_lcd_force_update                              bin/nxt_lcd.o
nxt_lcd_init                                      bin/nxt_lcd.o
                                                  bin/display.o
nxt_lcd_inverse_display                           bin/nxt_lcd.o
nxt_lcd_power_down                                bin/nxt_lcd.o
nxt_lcd_power_up                                  bin/nxt_lcd.o
nxt_lcd_reset                                     bin/nxt_lcd.o
nxt_lcd_set_all_pixels_on                         bin/nxt_lcd.o
nxt_lcd_set_bias_ratio                            bin/nxt_lcd.o
nxt_lcd_set_col                                   bin/nxt_lcd.o
nxt_lcd_set_cursor_update                         bin/nxt_lcd.o
nxt_lcd_set_frame_rate                            bin/nxt_lcd.o
nxt_lcd_set_map_control                           bin/nxt_lcd.o
nxt_lcd_set_multiplex_rate                        bin/nxt_lcd.o
nxt_lcd_set_page_address                          bin/nxt_lcd.o
nxt_lcd_set_panel_loading                         bin/nxt_lcd.o
nxt_lcd_set_pot                                   bin/nxt_lcd.o
nxt_lcd_set_pump_control                          bin/nxt_lcd.o
nxt_lcd_set_ram_address_control                   bin/nxt_lcd.o
nxt_lcd_set_scroll_line                           bin/nxt_lcd.o
nxt_lcd_set_temp_comp                             bin/nxt_lcd.o
nxt_lcd_update                                    bin/nxt_lcd.o
                                                  bin/display.o
nxt_spi_init                                      bin/nxt_spi.o
                                                  bin/nxt_lcd.o
nxt_spi_refresh                                   bin/nxt_spi.o
                                                  bin/nxt_lcd.o
nxt_spi_set_display                               bin/nxt_spi.o
                                                  bin/nxt_lcd.o
nxt_spi_write                                     bin/nxt_spi.o
                                                  bin/nxt_lcd.o
page                                              bin/nxt_spi.o
premain_init                                      bin/main.o
raise                                             /usr/lib/gcc/arm-gnu-toolchain-14.3.rel1-x86_64-arm-none-eabi/bin/../lib/gcc/arm-none-eabi/14.3.1/../../../../arm-none-eabi/lib/libg_nano.a(libc_a-signal.o)
                                                  /usr/lib/gcc/arm-gnu-toolchain-14.3.rel1-x86_64-arm-none-eabi/bin/../lib/gcc/arm-none-eabi/14.3.1/../../../../arm-none-eabi/lib/libg_nano.a(libc_a-abort.o)
setvbuf                                           /usr/lib/gcc/arm-gnu-toolchain-14.3.rel1-x86_64-arm-none-eabi/bin/../lib/gcc/arm-none-eabi/14.3.1/../../../../arm-none-eabi/lib/libg_nano.a(libc_a-setvbuf.o)
                                                  bin/main.o
signal                                            /usr/lib/gcc/arm-gnu-toolchain-14.3.rel1-x86_64-arm-none-eabi/bin/../lib/gcc/arm-none-eabi/14.3.1/../../../../arm-none-eabi/lib/libg_nano.a(libc_a-signal.o)
software_init_hook                                /usr/lib/gcc/arm-gnu-toolchain-14.3.rel1-x86_64-arm-none-eabi/bin/../lib/gcc/arm-none-eabi/14.3.1/../../../../arm-none-eabi/lib/crt0.o
spi_isr_C                                         bin/nxt_spi.o
spurious_isr                                      bin/aic.o
strlen                                            /usr/lib/gcc/arm-gnu-toolchain-14.3.rel1-x86_64-arm-none-eabi/bin/../lib/gcc/arm-none-eabi/14.3.1/../../../../arm-none-eabi/lib/libg_nano.a(libc_a-strlen.o)
                                                  bin/nxt_avr.o
                                                  bin/term.o
systick                                           bin/systick.o
systick_get_ms                                    bin/systick.o
                                                  bin/display.o
                                                  bin/main.o
systick_get_ms_cpiv                               bin/systick.o
systick_init                                      bin/systick.o
                                                  bin/main.o
systick_isr                                       bin/systick.o