trace32/../lib/byte_fifo.h:36:12:byte_fifo_put_possible	16	static
trace32/../lib/byte_fifo.h:44:30:byte_fifo_remain	16	static
trace32/../lib/byte_fifo.h:49:30:byte_fifo_used	16	static
trace32/../lib/byte_fifo.h:54:12:byte_fifo_put	16	static
trace32/../lib/byte_fifo.h:64:12:byte_fifo_get_possible	16	static
trace32/../lib/byte_fifo.h:72:12:byte_fifo_get	16	static
trace32/../lib/byte_fifo_cb.h:28:12:byte_fifo_cb_put_possible	16	static
trace32/../lib/byte_fifo_cb.h:33:12:byte_fifo_cb_put	24	static
trace32/../lib/byte_fifo_cb.h:41:12:byte_fifo_cb_get_possible	16	static
trace32/../lib/byte_fifo_cb.h:46:12:byte_fifo_cb_get	16	static
/usr/lib/gcc/arm-gnu-toolchain-14.3.rel1-x86_64-arm-none-eabi/arm-none-eabi/include/sys/unistd.h:18:6:_exit	16	static
main.c:60:6:trace_scope	32	static
main.c:147:6:gpio_isr_entry	16	static
main.c:160:5:motor_init	8	static
main.c:186:5:motor_get	24	static
main.c:201:6:motor_process	16	static
main.c:218:6:ui_process	16	static
main.c:246:6:task_4ms	4	static
main.c:253:6:task_8ms	4	static
main.c:259:6:task_16ms	8	static
main.c:266:6:task_32ms	4	static
main.c:272:6:task_64ms	8	static
main.c:279:6:task_128ms	4	static
main.c:285:6:task_256ms	4	static
main.c:291:6:task_512ms	4	static
main.c:298:6:task_idle	4	static
main.c:311:35:premain_init	16	static
main.c:337:5:main	32	static
