./lib/nxt_lcd.c:9:1:nxt_lcd_command	24	static
./lib/nxt_lcd.c:17:1:nxt_lcd_set_col	16	static
./lib/nxt_lcd.c:24:1:nxt_lcd_set_multiplex_rate	16	static
./lib/nxt_lcd.c:30:1:nxt_lcd_set_temp_comp	16	static
./lib/nxt_lcd.c:36:1:nxt_lcd_set_panel_loading	16	static
./lib/nxt_lcd.c:42:1:nxt_lcd_set_pump_control	16	static
./lib/nxt_lcd.c:48:1:nxt_lcd_set_scroll_line	16	static
./lib/nxt_lcd.c:54:1:nxt_lcd_set_page_address	16	static
./lib/nxt_lcd.c:60:1:nxt_lcd_set_pot	16	static
./lib/nxt_lcd.c:67:1:nxt_lcd_set_ram_address_control	16	static
./lib/nxt_lcd.c:73:1:nxt_lcd_set_frame_rate	16	static
./lib/nxt_lcd.c:79:1:nxt_lcd_set_all_pixels_on	16	static
./lib/nxt_lcd.c:85:1:nxt_lcd_inverse_display	16	static
./lib/nxt_lcd.c:91:1:nxt_lcd_enable	16	static
./lib/nxt_lcd.c:97:1:nxt_lcd_set_map_control	16	static
./lib/nxt_lcd.c:103:1:nxt_lcd_reset	8	static
./lib/nxt_lcd.c:109:1:nxt_lcd_set_bias_ratio	16	static
./lib/nxt_lcd.c:115:1:nxt_lcd_set_cursor_update	16	static
./lib/nxt_lcd.c:121:1:nxt_lcd_force_update	16	static
./lib/nxt_lcd.c:137:6:nxt_lcd_update	8	static
./lib/nxt_lcd.c:148:1:nxt_lcd_power_up	8	static
./lib/nxt_lcd.c:167:1:nxt_lcd_power_down	8	static
./lib/nxt_lcd.c:173:1:nxt_lcd_init	16	static
