./lib/../trace32/../lib/byte_fifo.h:36:12:byte_fifo_put_possible	16	static
./lib/../trace32/../lib/byte_fifo.h:44:30:byte_fifo_remain	16	static
./lib/../trace32/../lib/byte_fifo.h:49:30:byte_fifo_used	16	static
./lib/../trace32/../lib/byte_fifo.h:54:12:byte_fifo_put	16	static
./lib/../trace32/../lib/byte_fifo.h:64:12:byte_fifo_get_possible	16	static
./lib/../trace32/../lib/byte_fifo.h:72:12:byte_fifo_get	16	static
./lib/../trace32/../lib/byte_fifo_cb.h:28:12:byte_fifo_cb_put_possible	16	static
./lib/../trace32/../lib/byte_fifo_cb.h:33:12:byte_fifo_cb_put	24	static
./lib/../trace32/../lib/byte_fifo_cb.h:41:12:byte_fifo_cb_get_possible	16	static
./lib/../trace32/../lib/byte_fifo_cb.h:46:12:byte_fifo_cb_get	16	static
./lib/term.c:21:6:term_init	8	static
./lib/term.c:44:5:term_read	16	static
./lib/term.c:69:5:term_char_possible	8	static
./lib/term.c:84:5:term_char	16	static
./lib/term.c:107:5:term_string	24	static
./lib/term.c:137:5:term_hex	40	static
./lib/term.c:145:5:term_unsigned	48	static
./lib/term.c:153:5:term_int	48	static
