./trace32/../lib/byte_fifo.h:36:12:byte_fifo_put_possible	16	static
./trace32/../lib/byte_fifo.h:44:30:byte_fifo_remain	16	static
./trace32/../lib/byte_fifo.h:49:30:byte_fifo_used	16	static
./trace32/../lib/byte_fifo.h:54:12:byte_fifo_put	16	static
./trace32/../lib/byte_fifo.h:64:12:byte_fifo_get_possible	16	static
./trace32/../lib/byte_fifo.h:72:12:byte_fifo_get	16	static
./trace32/../lib/byte_fifo_cb.h:28:12:byte_fifo_cb_put_possible	16	static
./trace32/../lib/byte_fifo_cb.h:33:12:byte_fifo_cb_put	24	static
./trace32/../lib/byte_fifo_cb.h:41:12:byte_fifo_cb_get_possible	16	static
./trace32/../lib/byte_fifo_cb.h:46:12:byte_fifo_cb_get	16	static
./trace32/udmon3.c:157:6:udmon3_init	8	static
./trace32/udmon3.c:177:6:udmon3_term_init	0	static
./trace32/udmon3.c:322:13:Monitor_ReadByte	40	static
./trace32/udmon3.c:357:13:Monitor_ReadHalf	0	static
./trace32/udmon3.c:374:13:Monitor_ReadWord	0	static
./trace32/udmon3.c:391:13:Monitor_WriteByte	0	static
./trace32/udmon3.c:402:13:Monitor_WriteHalf	0	static
./trace32/udmon3.c:413:13:Monitor_WriteWord	0	static
./trace32/udmon3.c:448:20:udmon3_receive	24	static
./trace32/udmon3.c:598:20:udmon3_transmit	24	static
./trace32/udmon3.c:663:6:udmon3_handler	8	static
